###############################################################################
#
# IAR ELF Linker V7.50.2.10312/W32 for ARM                02/Jul/2016  19:39:28
# Copyright 2007-2015 IAR Systems AB.
#
#    Output file  =  F:\71_iar_wks\lcd\LCD\trunk\Debug\Exe\lcd.out
#    Map file     =  F:\71_iar_wks\lcd\LCD\trunk\Debug\List\lcd.map
#    Command line =  
#        F:\71_iar_wks\lcd\LCD\trunk\Debug\Obj\delay.o
#        F:\71_iar_wks\lcd\LCD\trunk\Debug\Obj\drv_lcd.o
#        F:\71_iar_wks\lcd\LCD\trunk\Debug\Obj\fsmc.o
#        F:\71_iar_wks\lcd\LCD\trunk\Debug\Obj\gpio.o
#        F:\71_iar_wks\lcd\LCD\trunk\Debug\Obj\GUI_X.o
#        F:\71_iar_wks\lcd\LCD\trunk\Debug\Obj\GUIConf_stm3210e_eval.o
#        F:\71_iar_wks\lcd\LCD\trunk\Debug\Obj\LCDConf_stm3210e_eval.o
#        F:\71_iar_wks\lcd\LCD\trunk\Debug\Obj\main.o
#        F:\71_iar_wks\lcd\LCD\trunk\Debug\Obj\misc.o
#        F:\71_iar_wks\lcd\LCD\trunk\Debug\Obj\rcc.o
#        F:\71_iar_wks\lcd\LCD\trunk\Debug\Obj\startup_stm32f10x_md_vl.o
#        F:\71_iar_wks\lcd\LCD\trunk\STemWin\Lib\STemWin528_CM3_IAR.a
#        F:\71_iar_wks\lcd\LCD\trunk\Debug\Obj\stm32f10x_crc.o
#        F:\71_iar_wks\lcd\LCD\trunk\Debug\Obj\stm32f10x_flash.o
#        F:\71_iar_wks\lcd\LCD\trunk\Debug\Obj\stm32f10x_fsmc.o
#        F:\71_iar_wks\lcd\LCD\trunk\Debug\Obj\stm32f10x_gpio.o
#        F:\71_iar_wks\lcd\LCD\trunk\Debug\Obj\stm32f10x_it.o
#        F:\71_iar_wks\lcd\LCD\trunk\Debug\Obj\stm32f10x_rcc.o
#        F:\71_iar_wks\lcd\LCD\trunk\Debug\Obj\stm32f10x_usart.o
#        F:\71_iar_wks\lcd\LCD\trunk\Debug\Obj\system_stm32f10x.o -o
#        F:\71_iar_wks\lcd\LCD\trunk\Debug\Exe\lcd.out --map
#        F:\71_iar_wks\lcd\LCD\trunk\Debug\List\lcd.map --config "C:\Program
#        Files (x86)\IAR Systems\Embedded Workbench
#        7.3\arm\CONFIG\generic_cortex.icf" --semihosting --entry
#        __iar_program_start --vfe
#
###############################################################################

*******************************************************************************
*** RUNTIME MODEL ATTRIBUTES
***

CppFlavor       = *
__SystemLibrary = DLib


*******************************************************************************
*** PLACEMENT SUMMARY
***

"A1":  place at 0x00000000 { ro section .intvec };
"P1":  place in [from 0x00000000 to 0x0007ffff] { ro };
"P3":  place in [from 0x00000000 to 0x00000000] |
                [from 0x20000000 to 0x2000ffff] { rw, block CSTACK, block HEAP };

  Section            Kind        Address    Size  Object
  -------            ----        -------    ----  ------
"A1":                                      0x120
  .intvec            ro code  0x00000000   0x120  startup_stm32f10x_md_vl.o [1]
                            - 0x00000120   0x120

"P1":                                     0x8540
  .rodata            const    0x00000120  0x108c  F20_1.o [3]
  .rodata            const    0x000011ac   0xfac  F20_ASCII.o [3]
  .text              ro code  0x00002158   0xb14  WM.o [3]
  .text              ro code  0x00002c6c    0x30  LCD_SetClipRectEx.o [3]
  .text              ro code  0x00002c9c   0x620  GUI_Alloc.o [3]
  .text              ro code  0x000032bc    0x40  GUI__IntersectRect.o [3]
  .text              ro code  0x000032fc    0x58  GUI_MergeRect.o [3]
  .text              ro code  0x00003354    0x10  GUI_WaitEvent.o [3]
  .text              ro code  0x00003364    0x1c  GUI_MoveRect.o [3]
  .text              ro code  0x00003380    0x68  GUIDEV.o [3]
  .text              ro code  0x000033e8     0xe  WM_GetFirstChild.o [3]
  .text              ro code  0x000033f6    0x62  GUI__IntersectRects.o [3]
  .text              ro code  0x00003458    0x38  GUI_RectsIntersect.o [3]
  .text              ro code  0x00003490    0x40  WM__SendMessage.o [3]
  .text              ro code  0x000034d0    0x24  GUI_ALLOC_AllocZero.o [3]
  .text              ro code  0x000034f4    0x84  WM_BringToBottom.o [3]
  .text              ro code  0x00003578    0x24  GUI_SelectLayer.o [3]
  .text              ro code  0x0000359c   0x5b0  LCD.o [3]
  .text              ro code  0x00003b4c    0x76  ABImemcpy_unaligned.o [5]
  .text              ro code  0x00003bc4    0x10  GUI_OnKey.o [3]
  .text              ro code  0x00003bd4     0x8  GUI_SetColor.o [3]
  .text              ro code  0x00003bdc   0x1a0  GUI_Core.o [3]
  .text              ro code  0x00003d7c    0x22  WM_GetClientRect.o [3]
  .text              ro code  0x00003d9e    0x1c  WM_SendToParent.o [3]
  .text              ro code  0x00003dbc   0x134  GUI_Device.o [3]
  .text              ro code  0x00003ef0    0x10  WM_CriticalHandle.o [3]
  .text              ro code  0x00003f00    0x78  ABImemmove_unaligned.o [5]
  .text              ro code  0x00003f78     0x6  ABImemclr.o [5]
  .text              ro code  0x00003f7e    0x54  GUI__memset.o [3]
  .text              ro code  0x00003fd4   0x138  LCD_GetEx.o [3]
  .text              ro code  0x0000410c    0x12  GUI_SelectLCD.o [3]
  .text              ro code  0x00004120    0x4e  GUIDEV_Usage.o [3]
  .text              ro code  0x0000416e    0x22  WM__GetPrevSibling.o [3]
  .text              ro code  0x00004190     0xe  WM_GetParent.o [3]
  .text              ro code  0x000041a0    0xb8  LCD_Color.o [3]
  .text              ro code  0x00004258    0x2c  GUI_Goto.o [3]
  .text              ro code  0x00004284    0x14  GUIConf_stm3210e_eval.o [1]
  .text              ro code  0x00004298    0xd4  LCDConf_stm3210e_eval.o [1]
  .text              ro code  0x0000436c     0x2  GUI_X.o [1]
  .text              ro code  0x00004370    0x18  WM_GetDesktopWindow.o [3]
  .text              ro code  0x00004388    0x30  GUI_SetOrg.o [3]
  .text              ro code  0x000043b8    0x5e  ABImemset.o [5]
  .text              ro code  0x00004418    0x44  LCD_SelectLCD.o [3]
  .text              ro code  0x0000445c    0x24  LCD_UpdateColorIndices.o [3]
  .text              ro code  0x00004480    0x10  WM__GetFirstSibling.o [3]
  .text              ro code  0x00004490    0x1a  LCD_GetNumDisplays.o [3]
  .text              ro code  0x000044ac    0x90  LCD_Set.o [3]
  .text              ro code  0x0000453c     0x6  ABImemclr4.o [5]
  .text              ro code  0x00004544   0x5f4  GUIDRV_FlexColor.o [3]
  .text              ro code  0x00004b38   0x1c8  drv_lcd.o [1]
  .text              ro code  0x00004d00    0x32  ABImemset48.o [5]
  .text              ro code  0x00004d34    0xcc  stm32f10x_gpio.o [1]
  .text              ro code  0x00004e00   0x94c  GUIDEV_16.o [3]
  .text              ro code  0x0000574c    0x40  GUI__memset16.o [3]
  .rodata            const    0x0000578c   0x718  F6x8.o [3]
  .text              ro code  0x00005ea4   0x620  GUIDRV_FlexColor_16bpp_C0B16.o [3]
  .text              ro code  0x000064c4   0x600  GUIDEV_WriteToActiveOpaque.o [3]
  .text              ro code  0x00006ac4   0x108  GUI__CompactPixelIndices.o [3]
  .text              ro code  0x00006bcc    0x1c  GUIDEV_GetDataPtr.o [3]
  .text              ro code  0x00006be8   0x354  GUIDRV_FlexColor_Func66708.o [3]
  .text              ro code  0x00006f3c   0x210  stm32f10x_rcc.o [1]
  .text              ro code  0x0000714c   0x1b8  GUI_CharLine.o [3]
  .text              ro code  0x00007304    0xb4  GUI__ManageCache.o [3]
  .text              ro code  0x000073b8    0x4c  GUI_UC.o [3]
  .text              ro code  0x00007404    0x54  GUI_Char.o [3]
  .text              ro code  0x00007458   0x176  GUI_CharM.o [3]
  .text              ro code  0x000075d0   0x138  system_stm32f10x.o [1]
  .text              ro code  0x00007708   0x128  GUI_CharP.o [3]
  .text              ro code  0x00007830    0x16  GUI_GetColor.o [3]
  .text              ro code  0x00007848    0x18  LCD_GetColorIndex.o [3]
  .text              ro code  0x00007860   0x11c  stm32f10x_fsmc.o [1]
  .text              ro code  0x0000797c   0x118  gpio.o [1]
  .rodata            const    0x00007a94   0x100  GUI__DivTbl_255_31.o [3]
  .rodata            const    0x00007b94   0x100  GUI__DivTbl_255_63.o [3]
  .rodata            const    0x00007c94   0x100  LCD_Mirror.o [3]
  .text              ro code  0x00007d94    0xfc  GUI_DispString.o [3]
  .text              ro code  0x00007e90    0xe0  main.o [1]
  .text              ro code  0x00007f70    0x76  rcc.o [1]
  .text              ro code  0x00007fe6    0x78  fsmc.o [1]
  .text              ro code  0x00008060     0xc  delay.o [1]
  .text              ro code  0x0000806c    0x14  GUI_SetFont.o [3]
  .text              ro code  0x00008080    0x10  GUI_DispStringAt.o [3]
  .text              ro code  0x00008090    0x10  WM_SetCreateFlags.o [3]
  .text              ro code  0x000080a0    0x3c  stm32f10x_flash.o [1]
  .text              ro code  0x000080dc    0xc4  GUICC_565.o [3]
  .text              ro code  0x000081a0    0xb8  GUICC_0.o [3]
  .text              ro code  0x00008258    0x3e  GUI_CalcColorDist.o [3]
  .rodata            const    0x00008298    0x40  GUI__DivTbl_63_255.o [3]
  .text              ro code  0x000082d8    0x40  zero_init3.o [5]
  .rodata            const    0x00008318    0x34  GUIDRV_FlexColor.o [3]
  .text              ro code  0x0000834c    0x2c  copy_init3.o [5]
  .text              ro code  0x00008378    0x28  data_init.o [5]
  .text              ro code  0x000083a0    0x24  GUI_UC_EncodeNone.o [3]
  .iar.init_table    const    0x000083c4    0x24  - Linker created -
  .rodata            const    0x000083e8    0x20  GUI__DivTbl_31_255.o [3]
  .text              ro code  0x00008408    0x1a  cmain.o [5]
  .text              ro code  0x00008422     0x4  low_level_init.o [4]
  .text              ro code  0x00008426     0x4  exit.o [4]
  .text              ro code  0x0000842c     0xa  cexit.o [5]
  .text              ro code  0x00008438    0x14  exit.o [6]
  .rodata            const    0x0000844c    0x18  GUICC_565.o [3]
  .rodata            const    0x00008464    0x18  GUICC_0.o [3]
  .text              ro code  0x0000847c    0x12  stm32f10x_it.o [1]
  .rodata            const    0x00008490    0x10  main.o [1]
  .rodata            const    0x000084a0    0x10  main.o [1]
  .text              ro code  0x000084b0    0x10  startup_stm32f10x_md_vl.o [1]
  .rodata            const    0x000084c0     0xc  LCD.o [3]
  .text              ro code  0x000084cc     0xc  cstartup_M.o [5]
  .text              ro code  0x000084d8     0x4  startup_stm32f10x_md_vl.o [1]
  .text              ro code  0x000084dc     0x4  startup_stm32f10x_md_vl.o [1]
  .text              ro code  0x000084e0     0x4  startup_stm32f10x_md_vl.o [1]
  .text              ro code  0x000084e4     0x4  startup_stm32f10x_md_vl.o [1]
  .text              ro code  0x000084e8     0x4  startup_stm32f10x_md_vl.o [1]
  .text              ro code  0x000084ec     0x4  startup_stm32f10x_md_vl.o [1]
  .text              ro code  0x000084f0     0x4  startup_stm32f10x_md_vl.o [1]
  .text              ro code  0x000084f4     0x4  startup_stm32f10x_md_vl.o [1]
  .text              ro code  0x000084f8     0x4  startup_stm32f10x_md_vl.o [1]
  .text              ro code  0x000084fc     0x4  startup_stm32f10x_md_vl.o [1]
  .text              ro code  0x00008500     0x4  startup_stm32f10x_md_vl.o [1]
  .text              ro code  0x00008504     0x4  startup_stm32f10x_md_vl.o [1]
  .text              ro code  0x00008508     0x4  startup_stm32f10x_md_vl.o [1]
  .text              ro code  0x0000850c     0x4  startup_stm32f10x_md_vl.o [1]
  .text              ro code  0x00008510     0x4  startup_stm32f10x_md_vl.o [1]
  .text              ro code  0x00008514     0x4  startup_stm32f10x_md_vl.o [1]
  .text              ro code  0x00008518     0x4  startup_stm32f10x_md_vl.o [1]
  .text              ro code  0x0000851c     0x4  startup_stm32f10x_md_vl.o [1]
  .text              ro code  0x00008520     0x4  startup_stm32f10x_md_vl.o [1]
  .text              ro code  0x00008524     0x4  startup_stm32f10x_md_vl.o [1]
  .text              ro code  0x00008528     0x4  startup_stm32f10x_md_vl.o [1]
  .text              ro code  0x0000852c     0x4  startup_stm32f10x_md_vl.o [1]
  .text              ro code  0x00008530     0x4  startup_stm32f10x_md_vl.o [1]
  .text              ro code  0x00008534     0x4  startup_stm32f10x_md_vl.o [1]
  .text              ro code  0x00008538     0x4  startup_stm32f10x_md_vl.o [1]
  .text              ro code  0x0000853c     0x4  startup_stm32f10x_md_vl.o [1]
  .text              ro code  0x00008540     0x4  startup_stm32f10x_md_vl.o [1]
  .text              ro code  0x00008544     0x4  startup_stm32f10x_md_vl.o [1]
  .text              ro code  0x00008548     0x4  startup_stm32f10x_md_vl.o [1]
  .text              ro code  0x0000854c     0x4  startup_stm32f10x_md_vl.o [1]
  .text              ro code  0x00008550     0x4  startup_stm32f10x_md_vl.o [1]
  .text              ro code  0x00008554     0x4  startup_stm32f10x_md_vl.o [1]
  .text              ro code  0x00008558     0x4  startup_stm32f10x_md_vl.o [1]
  .text              ro code  0x0000855c     0x4  startup_stm32f10x_md_vl.o [1]
  .text              ro code  0x00008560     0x4  startup_stm32f10x_md_vl.o [1]
  .text              ro code  0x00008564     0x4  startup_stm32f10x_md_vl.o [1]
  .text              ro code  0x00008568     0x4  startup_stm32f10x_md_vl.o [1]
  .text              ro code  0x0000856c     0x4  startup_stm32f10x_md_vl.o [1]
  .text              ro code  0x00008570     0x4  startup_stm32f10x_md_vl.o [1]
  .text              ro code  0x00008574     0x4  startup_stm32f10x_md_vl.o [1]
  .text              ro code  0x00008578     0x4  startup_stm32f10x_md_vl.o [1]
  .text              ro code  0x0000857c     0x4  startup_stm32f10x_md_vl.o [1]
  .text              ro code  0x00008580     0x4  startup_stm32f10x_md_vl.o [1]
  .text              ro code  0x00008584     0x4  startup_stm32f10x_md_vl.o [1]
  .text              ro code  0x00008588     0x4  startup_stm32f10x_md_vl.o [1]
  .text              ro code  0x0000858c     0x4  startup_stm32f10x_md_vl.o [1]
  .text              ro code  0x00008590     0x4  startup_stm32f10x_md_vl.o [1]
  .text              ro code  0x00008594     0x4  startup_stm32f10x_md_vl.o [1]
  .text              ro code  0x00008598     0x4  startup_stm32f10x_md_vl.o [1]
  .text              ro code  0x0000859c     0x4  startup_stm32f10x_md_vl.o [1]
  .rodata            const    0x000085a0     0x0  zero_init3.o [5]
  .rodata            const    0x000085a0     0x0  copy_init3.o [5]
  Initializer bytes  const    0x000085a0    0xc0  <for P3 s0>
                            - 0x00008660  0x8540

"P3", part 1 of 3:                          0xc0
  P3 s0                       0x20000000    0xc0  <Init block>
    .data            inited   0x20000000    0x80  GUI_Core.o [3]
    .data            inited   0x20000080    0x14  WM_Touch.o [3]
    .data            inited   0x20000094    0x10  LCD_Color.o [3]
    .data            inited   0x200000a4    0x10  GUI_OnKey.o [3]
    .data            inited   0x200000b4     0x4  system_stm32f10x.o [1]
    .data            inited   0x200000b8     0x4  LCD.o [3]
    .data            inited   0x200000bc     0x4  GUI_CharLine.o [3]
                            - 0x200000c0    0xc0

"P3", part 2 of 3:                        0xd630
  .bss               zero     0x200000c0  0xd400  GUIConf_stm3210e_eval.o [1]
  .bss               zero     0x2000d4c0    0xc0  GUI_Alloc.o [3]
  .bss               zero     0x2000d580    0x78  WM.o [3]
  .bss               zero     0x2000d5f8    0x58  GUI_OnKey.o [3]
  .bss               zero     0x2000d650    0x40  WM_Touch.o [3]
  .bss               zero     0x2000d690    0x14  GUI_Alloc.o [3]
  .bss               zero     0x2000d6a4    0x14  GUI__ManageCache.o [3]
  .bss               zero     0x2000d6b8     0xc  GUI_Core.o [3]
  .bss               zero     0x2000d6c4     0x8  GUI_Core.o [3]
  .bss               zero     0x2000d6cc     0x4  delay.o [1]
  .bss               zero     0x2000d6d0     0x4  GUIDRV_FlexColor.o [3]
  .bss               zero     0x2000d6d4     0x4  GUI_Core.o [3]
  .bss               zero     0x2000d6d8     0x4  GUI_Core.o [3]
  .bss               zero     0x2000d6dc     0x4  GUI_Core.o [3]
  .bss               zero     0x2000d6e0     0x4  WM.o [3]
  .bss               zero     0x2000d6e4     0x4  GUI_WaitEvent.o [3]
  .bss               zero     0x2000d6e8     0x4  WM__SendMessage.o [3]
  .bss               zero     0x2000d6ec     0x2  GUI_Core.o [3]
  .bss               zero     0x2000d6ee     0x2  GUI_Core.o [3]
                            - 0x2000d6f0  0xd630

"P3", part 3 of 3:                         0x400
  CSTACK                      0x2000d6f0   0x400  <Block>
    CSTACK           uninit   0x2000d6f0   0x400  <Block tail>
                            - 0x2000daf0   0x400


*******************************************************************************
*** INIT TABLE
***

          Address     Size
          -------     ----
Zero (__iar_zero_init3)
    1 destination range, total size 0xd630:
          0x200000c0  0xd630

Copy (__iar_copy_init3)
    1 source range, total size 0xc0:
          0x000085a0    0xc0
    1 destination range, total size 0xc0:
          0x20000000    0xc0



*******************************************************************************
*** MODULE SUMMARY
***

    Module                          ro code  ro data  rw data
    ------                          -------  -------  -------
F:\71_iar_wks\lcd\LCD\trunk\Debug\Obj: [1]
    GUIConf_stm3210e_eval.o              20            54 272
    GUI_X.o                               2
    LCDConf_stm3210e_eval.o             212
    delay.o                              12                 4
    drv_lcd.o                           456
    fsmc.o                              120
    gpio.o                              280
    main.o                              224       32
    rcc.o                               118
    startup_stm32f10x_md_vl.o           504
    stm32f10x_flash.o                    60
    stm32f10x_fsmc.o                    284
    stm32f10x_gpio.o                    204
    stm32f10x_it.o                       18
    stm32f10x_rcc.o                     528
    system_stm32f10x.o                  312        4        4
    ---------------------------------------------------------
    Total:                            3 354       36   54 280

command line: [2]
    ---------------------------------------------------------
    Total:

STemWin528_CM3_IAR.a: [3]
    F20_1.o                                    4 236
    F20_ASCII.o                                4 012
    F6x8.o                                     1 816
    GUICC_0.o                           184       24
    GUICC_565.o                         196       24
    GUIDEV.o                            104
    GUIDEV_16.o                       2 380
    GUIDEV_GetDataPtr.o                  28
    GUIDEV_Usage.o                       78
    GUIDEV_WriteToActiveOpaque.o      1 536
    GUIDRV_FlexColor.o                1 524       52        4
    GUIDRV_FlexColor_16bpp_C0B16.o    1 568
    GUIDRV_FlexColor_Func66708.o        852
    GUI_ALLOC_AllocZero.o                36
    GUI_Alloc.o                       1 568               212
    GUI_CalcColorDist.o                  62
    GUI_Char.o                           84
    GUI_CharLine.o                      440        4        4
    GUI_CharM.o                         374
    GUI_CharP.o                         296
    GUI_Core.o                          416      128      164
    GUI_Device.o                        308
    GUI_DispString.o                    252
    GUI_DispStringAt.o                   16
    GUI_GetColor.o                       22
    GUI_Goto.o                           44
    GUI_MergeRect.o                      88
    GUI_MoveRect.o                       28
    GUI_OnKey.o                          16       16      104
    GUI_RectsIntersect.o                 56
    GUI_SelectLCD.o                      18
    GUI_SelectLayer.o                    36
    GUI_SetColor.o                        8
    GUI_SetFont.o                        20
    GUI_SetOrg.o                         48
    GUI_UC.o                             76
    GUI_UC_EncodeNone.o                  36
    GUI_WaitEvent.o                      16                 4
    GUI__CompactPixelIndices.o          264
    GUI__DivTbl_255_31.o                         256
    GUI__DivTbl_255_63.o                         256
    GUI__DivTbl_31_255.o                          32
    GUI__DivTbl_63_255.o                          64
    GUI__IntersectRect.o                 64
    GUI__IntersectRects.o                98
    GUI__ManageCache.o                  180                20
    GUI__memset.o                        84
    GUI__memset16.o                      64
    LCD.o                             1 456       16        4
    LCD_Color.o                         184       16       16
    LCD_GetColorIndex.o                  24
    LCD_GetEx.o                         312
    LCD_GetNumDisplays.o                 26
    LCD_Mirror.o                                 256
    LCD_SelectLCD.o                      68
    LCD_Set.o                           144
    LCD_SetClipRectEx.o                  48
    LCD_UpdateColorIndices.o             36
    WM.o                              2 836               124
    WM_BringToBottom.o                  132
    WM_CriticalHandle.o                  16
    WM_GetClientRect.o                   34
    WM_GetDesktopWindow.o                24
    WM_GetFirstChild.o                   14
    WM_GetParent.o                       14
    WM_SendToParent.o                    28
    WM_SetCreateFlags.o                  16
    WM_Touch.o                                    20       84
    WM__GetFirstSibling.o                16
    WM__GetPrevSibling.o                 34
    WM__SendMessage.o                    64                 4
    ---------------------------------------------------------
    Total:                           19 094   11 228      744

dl7M_tln.a: [4]
    exit.o                                4
    low_level_init.o                      4
    ---------------------------------------------------------
    Total:                                8

rt7M_tl.a: [5]
    ABImemclr.o                           6
    ABImemclr4.o                          6
    ABImemcpy_unaligned.o               118
    ABImemmove_unaligned.o              120
    ABImemset.o                          94
    ABImemset48.o                        50
    cexit.o                              10
    cmain.o                              26
    copy_init3.o                         44
    cstartup_M.o                         12
    data_init.o                          40
    zero_init3.o                         64
    ---------------------------------------------------------
    Total:                              590

shb_l.a: [6]
    exit.o                               20
    ---------------------------------------------------------
    Total:                               20

    Gaps                                 30        4
    Linker created                                36    1 024
-------------------------------------------------------------
    Grand Total:                     23 096   11 304   56 048


*******************************************************************************
*** ENTRY LIST
***

Entry                      Address    Size  Type      Object
-----                      -------    ----  ----      ------
.iar.init_table$$Base   0x000083c4           --   Gb  - Linker created -
.iar.init_table$$Limit  0x000083e8           --   Gb  - Linker created -
?main                   0x00008409          Code  Gb  cmain.o [5]
BusFault_Handler        0x00008483     0x2  Code  Gb  stm32f10x_it.o [1]
CSTACK$$Base            0x2000d6f0           --   Gb  - Linker created -
CSTACK$$Limit           0x2000daf0           --   Gb  - Linker created -
DebugMon_Handler        0x00008489     0x2  Code  Gb  stm32f10x_it.o [1]
FLASH_PrefetchBufferCmd
                        0x000080b7    0x20  Code  Gb  stm32f10x_flash.o [1]
FLASH_SetLatency        0x000080a1    0x16  Code  Gb  stm32f10x_flash.o [1]
FSMC_NORSRAMCmd         0x00007941    0x32  Code  Gb  stm32f10x_fsmc.o [1]
FSMC_NORSRAMInit        0x00007861    0xe0  Code  Gb  stm32f10x_fsmc.o [1]
GPIO_Init               0x00004d35    0xc0  Code  Gb  stm32f10x_gpio.o [1]
GPIO_ResetBits          0x00004dfb     0x6  Code  Gb  stm32f10x_gpio.o [1]
GPIO_SetBits            0x00004df5     0x6  Code  Gb  stm32f10x_gpio.o [1]
GUIDRV_FlexColor_API    0x00008318    0x34  Data  Gb  GUIDRV_FlexColor.o [3]
GUIDRV_FlexColor_Config
                        0x00004a81    0x3e  Code  Gb  GUIDRV_FlexColor.o [3]
GUIDRV_FlexColor_SetFunc
                        0x00004abf    0x32  Code  Gb  GUIDRV_FlexColor.o [3]
GUIDRV_FlexColor_SetFunc66708
                        0x00006edb    0x32  Code  Gb  GUIDRV_FlexColor_Func66708.o [3]
GUIDRV_FlexColor_SetMode16bppC0B16
                        0x00006465    0x3e  Code  Gb  GUIDRV_FlexColor_16bpp_C0B16.o [3]
GUIDRV_FlexColor__GetPixelIndexNoCache
                        0x00004951    0xb6  Code  Gb  GUIDRV_FlexColor.o [3]
GUIDRV_FlexColor__InitOnce
                        0x00004a11    0x36  Code  Gb  GUIDRV_FlexColor.o [3]
GUIDRV_FlexColor__SetLog2Phys
                        0x00004a49    0x38  Code  Gb  GUIDRV_FlexColor.o [3]
GUIDRV_FlexColor__SetPixelIndexNoCache
                        0x000048bd    0x8c  Code  Gb  GUIDRV_FlexColor.o [3]
GUIMONO_DispChar        0x00007459   0x108  Code  Gb  GUI_CharM.o [3]
GUIMONO_GetCharDistX    0x0000757b    0x12  Code  Gb  GUI_CharM.o [3]
GUIMONO_GetFontInfo     0x00007591     0x6  Code  Gb  GUI_CharM.o [3]
GUIMONO_IsInFont        0x00007597    0x38  Code  Gb  GUI_CharM.o [3]
GUIPROP_DispChar        0x0000771d    0xc8  Code  Gb  GUI_CharP.o [3]
GUIPROP_GetCharDistX    0x000077e5    0x34  Code  Gb  GUI_CharP.o [3]
GUIPROP_GetFontInfo     0x0000781d     0x6  Code  Gb  GUI_CharP.o [3]
GUIPROP_IsInFont        0x00007823     0xe  Code  Gb  GUI_CharP.o [3]
GUIPROP__FindChar       0x00007709    0x14  Code  Gb  GUI_CharP.o [3]
GUI_ALLOC_AllocNoInit   0x0000321d     0xa  Code  Gb  GUI_Alloc.o [3]
GUI_ALLOC_AllocZero     0x000034d1    0x24  Code  Gb  GUI_ALLOC_AllocZero.o [3]
GUI_ALLOC_AssignMemory  0x00003277     0xc  Code  Gb  GUI_Alloc.o [3]
GUI_ALLOC_Free          0x00003283    0x2c  Code  Gb  GUI_Alloc.o [3]
GUI_ALLOC_FreeFixedBlock
                        0x00003167    0x10  Code  Gb  GUI_Alloc.o [3]
GUI_ALLOC_GetFixedBlock
                        0x00003177    0xa6  Code  Gb  GUI_Alloc.o [3]
GUI_ALLOC_LockH         0x00003237    0x16  Code  Gb  GUI_Alloc.o [3]
GUI_ALLOC_UnlockH       0x0000324d    0x2a  Code  Gb  GUI_Alloc.o [3]
GUI_ALLOC__Context      0x2000d4c0    0xc0  Data  Gb  GUI_Alloc.o [3]
GUI_ALLOC_h2p           0x00003227    0x10  Code  Gb  GUI_Alloc.o [3]
GUI_CalcColorDist       0x00008259    0x3e  Code  Gb  GUI_CalcColorDist.o [3]
GUI_CharLine_pfLog2Vis  0x200000bc     0x4  Data  Gb  GUI_CharLine.o [3]
GUI_Clear               0x00003c5b    0x1a  Code  Gb  GUI_Core.o [3]
GUI_ClearRect           0x00003c01    0x5a  Code  Gb  GUI_Core.o [3]
GUI_DEVICE_Create       0x00003e0b    0x46  Code  Gb  GUI_Device.o [3]
GUI_DEVICE_CreateAndLink
                        0x00003ec3    0x24  Code  Gb  GUI_Device.o [3]
GUI_DEVICE_Delete       0x00003e07     0x4  Code  Gb  GUI_Device.o [3]
GUI_DEVICE_Link         0x00003e53    0x70  Code  Gb  GUI_Device.o [3]
GUI_DEVICE_Unlink       0x00003e51     0x2  Code  Gb  GUI_Device.o [3]
GUI_DEVICE__GetpDriver  0x00003de7    0x20  Code  Gb  GUI_Device.o [3]
GUI_DecChar             0x2000d6c4     0x1  Data  Gb  GUI_Core.o [3]
GUI_DispString          0x00007d95    0xea  Code  Gb  GUI_DispString.o [3]
GUI_DispStringAt        0x00008081    0x10  Code  Gb  GUI_DispStringAt.o [3]
GUI_F6x8_Mono           0x00005e6c    0x14  Data  Lc  F6x8.o [3]
GUI_F6x8_TI8859_1       0x00005e64     0x8  Data  Lc  F6x8.o [3]
GUI_F6x8_TL8859_1       0x00005ca4   0x1c0  Data  Lc  F6x8.o [3]
GUI_Font20_1            0x00001188    0x24  Data  Gb  F20_1.o [3]
GUI_Font20_1_CharInfo   0x00000e7c   0x300  Data  Lc  F20_1.o [3]
GUI_Font20_1_Prop0      0x0000117c     0xc  Data  Lc  F20_1.o [3]
GUI_Font20_ASCII_CharInfo
                        0x00001e54   0x2f8  Data  Gb  F20_ASCII.o [3]
GUI_Font20_ASCII_Prop1  0x0000214c     0xc  Data  Gb  F20_ASCII.o [3]
GUI_Font6x8             0x00005e80    0x24  Data  Gb  F6x8.o [3]
GUI_GetBitsPerPixelEx   0x0000401b     0xe  Code  Gb  LCD_GetEx.o [3]
GUI_GetBkColor          0x00007831     0x8  Code  Gb  GUI_GetColor.o [3]
GUI_GetCharDistX        0x0000743b     0xc  Code  Gb  GUI_Char.o [3]
GUI_GetCharDistXEx      0x00007447     0xa  Code  Gb  GUI_Char.o [3]
GUI_GetColor            0x00007839     0x6  Code  Gb  GUI_GetColor.o [3]
GUI_GetFontDistY        0x00007431     0xa  Code  Gb  GUI_Char.o [3]
GUI_GetYAdjust          0x00007405    0x2c  Code  Gb  GUI_Char.o [3]
GUI_GetpfColor2IndexEx  0x00004053     0xc  Code  Gb  LCD_GetEx.o [3]
GUI_GetpfIndex2ColorEx  0x00004047     0xc  Code  Gb  LCD_GetEx.o [3]
GUI_GotoXY              0x00004271    0x14  Code  Gb  GUI_Goto.o [3]
GUI_Init                0x00003c97    0xa6  Code  Gb  GUI_Core.o [3]
GUI_MEMDEV_DEVICE_16    0x00005718    0x34  Data  Gb  GUIDEV_16.o [3]
GUI_MEMDEV_Delete       0x000033a5    0x3a  Code  Gb  GUIDEV.o [3]
GUI_MEMDEV_GetBitsPerPixel
                        0x00003381    0x24  Code  Gb  GUIDEV.o [3]
GUI_MEMDEV_GetDataPtr   0x00006bcd    0x1c  Code  Gb  GUIDEV_GetDataPtr.o [3]
GUI_MEMDEV__WriteToActiveOpaque
                        0x00006a7f    0x3c  Code  Gb  GUIDEV_WriteToActiveOpaque.o [3]
GUI_MergeRect           0x000032fd    0x58  Code  Gb  GUI_MergeRect.o [3]
GUI_MoveRect            0x00003365    0x1c  Code  Gb  GUI_MoveRect.o [3]
GUI_OrgX                0x2000d6ec     0x2  Data  Gb  GUI_Core.o [3]
GUI_OrgY                0x2000d6ee     0x2  Data  Gb  GUI_Core.o [3]
GUI_RectsIntersect      0x00003459    0x38  Code  Gb  GUI_RectsIntersect.o [3]
GUI_SelectLCD           0x0000410d    0x12  Code  Gb  GUI_SelectLCD.o [3]
GUI_SelectLayer         0x00003579    0x1c  Code  Gb  GUI_SelectLayer.o [3]
GUI_SetBkColor          0x00003bd5     0x4  Code  Gb  GUI_SetColor.o [3]
GUI_SetColor            0x00003bd9     0x4  Code  Gb  GUI_SetColor.o [3]
GUI_SetFont             0x0000806d    0x14  Code  Gb  GUI_SetFont.o [3]
GUI_SetOrg              0x00004389    0x30  Code  Gb  GUI_SetOrg.o [3]
GUI_SignalEvent         0x00003355     0xc  Code  Gb  GUI_WaitEvent.o [3]
GUI_StoreKey            0x00003bc5     0xc  Code  Gb  GUI_OnKey.o [3]
GUI_UC_None             0x000083b4    0x10  Data  Gb  GUI_UC_EncodeNone.o [3]
GUI_UC__GetCharCodeInc  0x000073b9    0x22  Code  Gb  GUI_UC.o [3]
GUI_UC__NumChars2NumBytes
                        0x000073db    0x24  Code  Gb  GUI_UC.o [3]
GUI_USAGE_AddRect       0x00004145    0x2a  Code  Gb  GUIDEV_Usage.o [3]
GUI_USAGE_DecUseCnt     0x00004121    0x24  Code  Gb  GUIDEV_Usage.o [3]
GUI_X_Config            0x00004285    0x14  Code  Gb  GUIConf_stm3210e_eval.o [1]
GUI_X_Init              0x0000436d     0x2  Code  Gb  GUI_X.o [1]
GUI__CompactPixelIndices
                        0x00006ac5    0xf0  Code  Gb  GUI__CompactPixelIndices.o [3]
GUI__Config             0x00003c75    0x22  Code  Gb  GUI_Core.o [3]
GUI__Context            0x20000000    0x70  Data  Lc  GUI_Core.o [3]
GUI__DispLine           0x00007255    0xa0  Code  Gb  GUI_CharLine.o [3]
GUI__GetLineDistX       0x00007201    0x4a  Code  Gb  GUI_CharLine.o [3]
GUI__GetLineNumChars    0x000071b3    0x32  Code  Gb  GUI_CharLine.o [3]
GUI__GetOverlap         0x000071e5    0x1c  Code  Gb  GUI_CharLine.o [3]
GUI__IntersectRect      0x000032bd    0x40  Code  Gb  GUI__IntersectRect.o [3]
GUI__IntersectRects     0x000033f7    0x62  Code  Gb  GUI__IntersectRects.o [3]
GUI__ManageCache        0x000073a7     0xa  Code  Gb  GUI__ManageCache.o [3]
GUI__ManageCacheEx      0x00007305    0x96  Code  Gb  GUI__ManageCache.o [3]
GUI__RegisterExit       0x00003d3d     0xa  Code  Gb  GUI_Core.o [3]
GUI__aConvert_255_31    0x00007a94   0x100  Data  Gb  GUI__DivTbl_255_31.o [3]
GUI__aConvert_255_63    0x00007b94   0x100  Data  Gb  GUI__DivTbl_255_63.o [3]
GUI__aConvert_31_255    0x000083e8    0x20  Data  Gb  GUI__DivTbl_31_255.o [3]
GUI__aConvert_63_255    0x00008298    0x40  Data  Gb  GUI__DivTbl_63_255.o [3]
GUI__apDevice           0x20000078     0x8  Data  Gb  GUI_Core.o [3]
GUI__memset             0x00003f7f    0x54  Code  Gb  GUI__memset.o [3]
GUI__memset16           0x0000574d    0x40  Code  Gb  GUI__memset16.o [3]
GUI__pFontDefault       0x20000070     0x4  Data  Gb  GUI_Core.o [3]
GUI_acFont6x8           0x0000578c   0x518  Data  Lc  F6x8.o [3]
GUI_pContext            0x20000074     0x4  Data  Gb  GUI_Core.o [3]
GUI_pLCD_APIList        0x2000d6d8     0x4  Data  Gb  GUI_Core.o [3]
GUI_pUC_API             0x2000d6c8     0x4  Data  Gb  GUI_Core.o [3]
GUI_pfDispCharStyle     0x2000d6d4     0x4  Data  Gb  GUI_Core.o [3]
HardFault_Handler       0x0000847f     0x2  Code  Gb  stm32f10x_it.o [1]
LCD_API_ColorConv_0     0x00008464    0x18  Data  Gb  GUICC_0.o [3]
LCD_API_ColorConv_565   0x0000844c    0x18  Data  Gb  GUICC_565.o [3]
LCD_Color2Index         0x00003ae1    0x12  Code  Gb  LCD.o [3]
LCD_DrawBitmap          0x00003817   0x14a  Code  Gb  LCD.o [3]
LCD_DrawHLine           0x00003659    0x3a  Code  Gb  LCD.o [3]
LCD_DrawPixel           0x000035ff    0x5a  Code  Gb  LCD.o [3]
LCD_FillRect            0x000036a9    0x54  Code  Gb  LCD.o [3]
LCD_GetBitsPerPixelEx   0x00003ffb     0x4  Code  Gb  LCD_GetEx.o [3]
LCD_GetBkColorIndex     0x00007849     0xa  Code  Gb  LCD_GetColorIndex.o [3]
LCD_GetColorIndex       0x00007853     0xa  Code  Gb  LCD_GetColorIndex.o [3]
LCD_GetNumColors        0x00004013     0x8  Code  Gb  LCD_GetEx.o [3]
LCD_GetNumColorsEx      0x00003fff     0x4  Code  Gb  LCD_GetEx.o [3]
LCD_GetNumLayers        0x00004491    0x1a  Code  Gb  LCD_GetNumDisplays.o [3]
LCD_GetPalette          0x0000403f     0x8  Code  Gb  LCD_GetEx.o [3]
LCD_GetPaletteEx        0x00004029    0x16  Code  Gb  LCD_GetEx.o [3]
LCD_GetXSize            0x00004003     0x8  Code  Gb  LCD_GetEx.o [3]
LCD_GetXSizeEx          0x00003ff3     0x4  Code  Gb  LCD_GetEx.o [3]
LCD_GetYSize            0x0000400b     0x8  Code  Gb  LCD_GetEx.o [3]
LCD_GetYSizeEx          0x00003ff7     0x4  Code  Gb  LCD_GetEx.o [3]
LCD_Index2Color         0x00003af3    0x12  Code  Gb  LCD.o [3]
LCD_Index2Color_565     0x000080dd    0x22  Code  Gb  GUICC_565.o [3]
LCD_InitColors          0x000041b1    0x28  Code  Gb  LCD_Color.o [3]
LCD_InitLUT             0x000041d9    0x6c  Code  Gb  LCD_Color.o [3]
LCD_SelectLCD           0x00004419    0x44  Code  Gb  LCD_SelectLCD.o [3]
LCD_SetBkColor          0x00003b29     0x8  Code  Gb  LCD.o [3]
LCD_SetBkColorIndex     0x00003b17    0x12  Code  Gb  LCD.o [3]
LCD_SetClipRectEx       0x00002c6d    0x30  Code  Gb  LCD_SetClipRectEx.o [3]
LCD_SetClipRectMax      0x00003a41    0x14  Code  Gb  LCD.o [3]
LCD_SetColor            0x00003b31     0x8  Code  Gb  LCD.o [3]
LCD_SetColorIndex       0x00003b05    0x12  Code  Gb  LCD.o [3]
LCD_SetDrawMode         0x000035f5     0xa  Code  Gb  LCD.o [3]
LCD_SetLUTEntryEx       0x00004515    0x28  Code  Gb  LCD_Set.o [3]
LCD_SetSizeEx           0x000044d5    0x28  Code  Gb  LCD_Set.o [3]
LCD_SetVSizeEx          0x000044ad    0x28  Code  Gb  LCD_Set.o [3]
LCD_UpdateColorIndices  0x0000445d    0x24  Code  Gb  LCD_UpdateColorIndices.o [3]
LCD_X_Config            0x000042cf    0x66  Code  Gb  LCDConf_stm3210e_eval.o [1]
LCD_X_DisplayDriver     0x00004359    0x14  Code  Gb  LCDConf_stm3210e_eval.o [1]
LCD__DrawBitmap_1bpp    0x000036fd   0x104  Code  Gb  LCD.o [3]
LCD__GetBPP             0x00004069    0x72  Code  Gb  LCD_GetEx.o [3]
LCD__GetBPPDevice       0x000040db    0x32  Code  Gb  LCD_GetEx.o [3]
LCD__aConvTable         0x20000098     0x4  Data  Gb  LCD_Color.o [3]
LCD__pSetColorAPI       0x200000b8     0x4  Data  Gb  LCD.o [3]
LCD_aMirror             0x00007c94   0x100  Data  Gb  LCD_Mirror.o [3]
LcdReadDataMultiple     0x000042bb    0x14  Code  Lc  LCDConf_stm3210e_eval.o [1]
LcdWriteData            0x000042a1     0x6  Code  Lc  LCDConf_stm3210e_eval.o [1]
LcdWriteDataMultiple    0x000042a7    0x14  Code  Lc  LCDConf_stm3210e_eval.o [1]
LcdWriteReg             0x00004299     0x8  Code  Lc  LCDConf_stm3210e_eval.o [1]
MemManage_Handler       0x00008481     0x2  Code  Gb  stm32f10x_it.o [1]
NMI_Handler             0x0000847d     0x2  Code  Gb  stm32f10x_it.o [1]
NVIC_SetPriority        0x00007e91    0x22  Code  Lc  main.o [1]
PendSV_Handler          0x0000848b     0x2  Code  Gb  stm32f10x_it.o [1]
RCC_AHBPeriphClockCmd   0x000070a1    0x20  Code  Gb  stm32f10x_rcc.o [1]
RCC_APB2PeriphClockCmd  0x000070c1    0x20  Code  Gb  stm32f10x_rcc.o [1]
RCC_DeInit              0x00006f3d    0x68  Code  Gb  stm32f10x_rcc.o [1]
RCC_GetFlagStatus       0x000070e1    0x3e  Code  Gb  stm32f10x_rcc.o [1]
RCC_GetSYSCLKSource     0x0000705f     0xa  Code  Gb  stm32f10x_rcc.o [1]
RCC_HCLKConfig          0x00007069    0x12  Code  Gb  stm32f10x_rcc.o [1]
RCC_HSEConfig           0x00006fa5    0x54  Code  Gb  stm32f10x_rcc.o [1]
RCC_PCLK1Config         0x0000707b    0x12  Code  Gb  stm32f10x_rcc.o [1]
RCC_PCLK2Config         0x0000708d    0x14  Code  Gb  stm32f10x_rcc.o [1]
RCC_PLLCmd              0x00007045     0x8  Code  Gb  stm32f10x_rcc.o [1]
RCC_PLLConfig           0x00007031    0x14  Code  Gb  stm32f10x_rcc.o [1]
RCC_SYSCLKConfig        0x0000704d    0x12  Code  Gb  stm32f10x_rcc.o [1]
RCC_WaitForHSEStartUp   0x00006ff9    0x38  Code  Gb  stm32f10x_rcc.o [1]
Region$$Table$$Base     0x000083c4           --   Gb  - Linker created -
Region$$Table$$Limit    0x000083e8           --   Gb  - Linker created -
SVC_Handler             0x00008487     0x2  Code  Gb  stm32f10x_it.o [1]
SetSysClock             0x0000762b     0x8  Code  Lc  system_stm32f10x.o [1]
SetSysClockTo24         0x00007633    0xb8  Code  Lc  system_stm32f10x.o [1]
SysTick_Config          0x00007eb3    0x2e  Code  Lc  main.o [1]
SysTick_Handler         0x0000848d     0x2  Code  Gb  stm32f10x_it.o [1]
SystemCoreClock         0x200000b4     0x4  Data  Gb  system_stm32f10x.o [1]
SystemInit              0x000075d1    0x5a  Code  Gb  system_stm32f10x.o [1]
UsageFault_Handler      0x00008485     0x2  Code  Gb  stm32f10x_it.o [1]
WM_Activate             0x00002b2d     0xc  Code  Gb  WM.o [3]
WM_BringToBottom        0x000034f5    0x84  Code  Gb  WM_BringToBottom.o [3]
WM_CreateWindowAsChild  0x000026c5   0x13c  Code  Gb  WM.o [3]
WM_DefaultProc          0x00002b3d    0x42  Code  Gb  WM.o [3]
WM_GetDesktopWindow     0x00004371    0x18  Code  Gb  WM_GetDesktopWindow.o [3]
WM_GetFirstChild        0x000033e9     0xe  Code  Gb  WM_GetFirstChild.o [3]
WM_GetParent            0x00004191     0xe  Code  Gb  WM_GetParent.o [3]
WM_Init                 0x00002b9b    0xb0  Code  Gb  WM.o [3]
WM_InvalidateRect       0x00002651    0x70  Code  Gb  WM.o [3]
WM_InvalidateWindow     0x000026c1     0x4  Code  Gb  WM.o [3]
WM_InvalidateWindowAndDescsEx
                        0x000023bb    0x54  Code  Gb  WM.o [3]
WM_MULTIBUF__pAPI       0x2000d5d4     0x4  Data  Gb  WM.o [3]
WM_SelectWindow         0x00002837    0x36  Code  Gb  WM.o [3]
WM_SendToParent         0x00003d9f    0x1c  Code  Gb  WM_SendToParent.o [3]
WM_SetCreateFlags       0x00008091    0x10  Code  Gb  WM_SetCreateFlags.o [3]
WM__ActivateClipRect    0x00002281    0x44  Code  Gb  WM.o [3]
WM__AddCriticalHandle   0x00003ef1     0xa  Code  Gb  WM_CriticalHandle.o [3]
WM__Client2Screen       0x0000235d    0x10  Code  Gb  WM.o [3]
WM__ClipAtParentBorders
                        0x00002241    0x40  Code  Gb  WM.o [3]
WM__CreateFlags         0x2000d5cc     0x4  Data  Gb  WM.o [3]
WM__FirstWin            0x2000d5bc     0x4  Data  Gb  WM.o [3]
WM__GetClientRectEx     0x00003d7d    0x22  Code  Gb  WM_GetClientRect.o [3]
WM__GetClientRectWin    0x00002639    0x18  Code  Gb  WM.o [3]
WM__GetFirstSibling     0x00004481    0x10  Code  Gb  WM__GetFirstSibling.o [3]
WM__GetNextIVR          0x000029b1    0x36  Code  Gb  WM.o [3]
WM__GetPrevSibling      0x0000416f    0x22  Code  Gb  WM__GetPrevSibling.o [3]
WM__GetTopLevelLayer    0x0000280b    0x18  Code  Gb  WM.o [3]
WM__InitIVRSearch       0x000029e7    0xd8  Code  Gb  WM.o [3]
WM__InsertWindowIntoList
                        0x000022c5    0x92  Code  Gb  WM.o [3]
WM__Invalidate1Abs      0x0000223d     0x4  Code  Gb  WM.o [3]
WM__InvalidateDrawAndDescs
                        0x0000236d    0x4e  Code  Gb  WM.o [3]
WM__InvalidateRect      0x00002419    0x72  Code  Gb  WM.o [3]
WM__InvalidateRectEx    0x0000248b     0x4  Code  Gb  WM.o [3]
WM__ModalLayer          0x20000090     0x4  Data  Gb  WM_Touch.o [3]
WM__NumInvalidWindows   0x2000d59c     0x2  Data  Gb  WM.o [3]
WM__NumWindows          0x2000d59a     0x2  Data  Gb  WM.o [3]
WM__PaintCallbackCnt    0x2000d598     0x1  Data  Gb  WM.o [3]
WM__RectIsNZ            0x0000248f    0x20  Code  Gb  WM.o [3]
WM__SelectTopLevelLayer
                        0x00002823    0x14  Code  Gb  WM.o [3]
WM__SendMessage         0x00003491    0x40  Code  Gb  WM__SendMessage.o [3]
WM__SendMsgNoData       0x00002627    0x12  Code  Gb  WM.o [3]
WM__TouchedLayer        0x2000d5b8     0x4  Data  Gb  WM.o [3]
WM__TransWindowCnt      0x2000d5d8     0x4  Data  Gb  WM.o [3]
WM__aBkColor            0x2000d5c4     0x8  Data  Gb  WM.o [3]
WM__aCHWinLast          0x2000d668    0x10  Data  Gb  WM_Touch.o [3]
WM__aCHWinModal         0x20000080    0x10  Data  Gb  WM_Touch.o [3]
WM__aCHWinMouseOver     0x2000d678    0x10  Data  Gb  WM_Touch.o [3]
WM__ahCapture           0x2000d5a8     0x8  Data  Gb  WM.o [3]
WM__ahDesktopWin        0x2000d5a0     0x8  Data  Gb  WM.o [3]
WM__ahWinFocus          0x2000d5b0     0x8  Data  Gb  WM.o [3]
WM__hATransWindow       0x2000d5dc     0x4  Data  Gb  WM.o [3]
WM__hCreateStatic       0x2000d6e0     0x4  Data  Gb  WM.o [3]
WM__pExecGestures       0x2000d5e0     0x4  Data  Gb  WM.o [3]
WM__pFirstCriticalHandle
                        0x2000d5c0     0x4  Data  Gb  WM.o [3]
WM_pfPollPID            0x2000d5d0     0x4  Data  Gb  WM.o [3]
_AddFreeMemory          0x00002cf7    0x80  Code  Lc  GUI_Alloc.o [3]
_Alloc                  0x00003083    0xe4  Code  Lc  GUI_Alloc.o [3]
_CalcSizeOfChar         0x000083a9     0x4  Code  Lc  GUI_UC_EncodeNone.o [3]
_ClipContext            0x2000d580    0x18  Data  Lc  WM.o [3]
_Color2IndexBulk        0x00008125    0x2e  Code  Lc  GUICC_565.o [3]
_Color2Index_0          0x000081a1    0x50  Code  Lc  GUICC_0.o [3]
_Color2Index_565        0x000080ff    0x20  Code  Lc  GUICC_565.o [3]
_Config                 0x2000d690     0xc  Data  Lc  GUI_Alloc.o [3]
_Convert16              0x000064c5    0x22  Code  Lc  GUIDEV_WriteToActiveOpaque.o [3]
_Convert8               0x000064e7    0x22  Code  Lc  GUIDEV_WriteToActiveOpaque.o [3]
_DeleteWindows          0x2000d5e8     0x4  Data  Lc  WM.o [3]
_DesktopHandle2Index    0x00002159    0x1e  Code  Lc  WM.o [3]
_DispLine               0x0000714f    0x64  Code  Lc  GUI_CharLine.o [3]
_DrawBitLine16BPP_DDB   0x00004e01    0x2e  Code  Lc  GUIDEV_16.o [3]
_DrawBitLine1BPP        0x00005eb5   0x140  Code  Lc  GUIDRV_FlexColor_16bpp_C0B16.o [3]
_DrawBitLine1BPP        0x00004ebd   0x11e  Code  Lc  GUIDEV_16.o [3]
_DrawBitLine2BPP        0x00006001    0x80  Code  Lc  GUIDRV_FlexColor_16bpp_C0B16.o [3]
_DrawBitLine2BPP        0x00004fe9    0xd0  Code  Lc  GUIDEV_16.o [3]
_DrawBitLine32BPP       0x00004e2f    0x58  Code  Lc  GUIDEV_16.o [3]
_DrawBitLine4BPP        0x000060c1    0x82  Code  Lc  GUIDRV_FlexColor_16bpp_C0B16.o [3]
_DrawBitLine4BPP        0x000050d3   0x140  Code  Lc  GUIDEV_16.o [3]
_DrawBitLine8BPP        0x000061d9    0xbe  Code  Lc  GUIDRV_FlexColor_16bpp_C0B16.o [3]
_DrawBitLine8BPP        0x0000521f    0x58  Code  Lc  GUIDEV_16.o [3]
_DrawBitLine8BPP_DDB    0x00005277    0x4c  Code  Lc  GUIDEV_16.o [3]
_DrawBitmap             0x000045e3    0x28  Code  Lc  GUIDRV_FlexColor.o [3]
_DrawBitmap             0x00006395    0xc2  Code  Lc  GUIDRV_FlexColor_16bpp_C0B16.o [3]
_DrawBitmap             0x000052dd   0x14c  Code  Lc  GUIDEV_16.o [3]
_DrawHLine              0x000045bf     0x8  Code  Lc  GUIDRV_FlexColor.o [3]
_DrawHLine              0x00005511     0xa  Code  Lc  GUIDEV_16.o [3]
_DrawVLine              0x000045c7     0x8  Code  Lc  GUIDRV_FlexColor.o [3]
_DrawVLine              0x0000551b    0x96  Code  Lc  GUIDEV_16.o [3]
_Encode                 0x000083ad     0x6  Code  Lc  GUI_UC_EncodeNone.o [3]
_EnlargeBlocks          0x00002f3f    0x88  Code  Lc  GUI_Alloc.o [3]
_FillRect               0x000045d9     0xa  Code  Lc  GUIDRV_FlexColor.o [3]
_FillRect               0x00006297    0xf8  Code  Lc  GUIDRV_FlexColor_16bpp_C0B16.o [3]
_FillRect               0x0000546d    0xa4  Code  Lc  GUIDEV_16.o [3]
_FindNext_IVR           0x00002873   0x12e  Code  Lc  WM.o [3]
_Findx0                 0x00002551    0x6c  Code  Lc  WM.o [3]
_Findx1                 0x000025c5    0x5c  Code  Lc  WM.o [3]
_Findy1                 0x000024af    0x92  Code  Lc  WM.o [3]
_GetCharCode            0x000083a1     0x4  Code  Lc  GUI_UC_EncodeNone.o [3]
_GetCharSize            0x000083a5     0x4  Code  Lc  GUI_UC_EncodeNone.o [3]
_GetDevData             0x0000486d     0xe  Code  Lc  GUIDRV_FlexColor.o [3]
_GetDevData             0x00005695     0xe  Code  Lc  GUIDEV_16.o [3]
_GetDevFunc             0x000047bd    0x58  Code  Lc  GUIDRV_FlexColor.o [3]
_GetDevFunc             0x000056a3     0xc  Code  Lc  GUIDEV_16.o [3]
_GetDevFunc_Init        0x0000462b    0x4c  Code  Lc  GUIDRV_FlexColor.o [3]
_GetDevFunc_SetRect     0x0000469b     0x2  Code  Lc  GUIDRV_FlexColor.o [3]
_GetDevFunc_SetRectOutside
                        0x0000469d    0x3a  Code  Lc  GUIDRV_FlexColor.o [3]
_GetDevFunc_SetSize     0x00004685     0xe  Code  Lc  GUIDRV_FlexColor.o [3]
_GetDevFunc_SetVSize    0x00004677     0xe  Code  Lc  GUIDRV_FlexColor.o [3]
_GetDevProp             0x00004815    0x58  Code  Lc  GUIDRV_FlexColor.o [3]
_GetDevProp             0x00003fd5    0x1e  Code  Lc  LCD_GetEx.o [3]
_GetDevProp             0x000056c9    0x10  Code  Lc  GUIDEV_16.o [3]
_GetIndexMask_0         0x0000820f    0x4a  Code  Lc  GUICC_0.o [3]
_GetIndexMask_565       0x0000811f     0x6  Code  Lc  GUICC_565.o [3]
_GetMinIndex            0x00002c9d    0x18  Code  Lc  GUI_Alloc.o [3]
_GetPixelIndex          0x00004591     0x8  Code  Lc  GUIDRV_FlexColor.o [3]
_GetPixelIndex          0x00005647     0xe  Code  Lc  GUIDEV_16.o [3]
_GetRect                0x0000487b    0x16  Code  Lc  GUIDRV_FlexColor.o [3]
_GetRect                0x00005655    0x3a  Code  Lc  GUIDEV_16.o [3]
_GotoX                  0x00004263     0xa  Code  Lc  GUI_Goto.o [3]
_GotoY                  0x00004259     0xa  Code  Lc  GUI_Goto.o [3]
_HL_APIList             0x00003d74     0x8  Data  Lc  GUI_Core.o [3]
_Index2ColorBulk        0x00008153    0x3e  Code  Lc  GUICC_565.o [3]
_Index2Color_0          0x000081f1    0x1e  Code  Lc  GUICC_0.o [3]
_InitOnce               0x00002fc7    0x9c  Code  Lc  GUI_Alloc.o [3]
_Invalidate1Abs         0x000021bb    0x82  Code  Lc  WM.o [3]
_IsInited               0x2000d599     0x1  Data  Lc  WM.o [3]
_IsInitialized          0x2000d6b8     0x4  Data  Lc  GUI_Core.o [3]
_Key                    0x200000ac     0x4  Data  Lc  GUI_OnKey.o [3]
_Log2PhysX_X0Y0S0       0x00004545     0x4  Code  Lc  GUIDRV_FlexColor.o [3]
_Log2PhysX_X0Y0S1       0x00004559     0x4  Code  Lc  GUIDRV_FlexColor.o [3]
_Log2PhysX_X0Y1S0       0x0000454b     0x4  Code  Lc  GUIDRV_FlexColor.o [3]
_Log2PhysX_X0Y1S1       0x0000455f     0x4  Code  Lc  GUIDRV_FlexColor.o [3]
_Log2PhysX_X1Y0S0       0x00004549     0x2  Code  Lc  GUIDRV_FlexColor.o [3]
_Log2PhysX_X1Y0S1       0x0000455d     0x2  Code  Lc  GUIDRV_FlexColor.o [3]
_Log2PhysX_X1Y1S0       0x0000454f     0x2  Code  Lc  GUIDRV_FlexColor.o [3]
_Log2PhysX_X1Y1S1       0x00004563     0x2  Code  Lc  GUIDRV_FlexColor.o [3]
_Log2PhysY_X0Y0S0       0x0000456d     0x4  Code  Lc  GUIDRV_FlexColor.o [3]
_Log2PhysY_X0Y0S1       0x00004579     0x4  Code  Lc  GUIDRV_FlexColor.o [3]
_Log2PhysY_X0Y1S0       0x00004575     0x2  Code  Lc  GUIDRV_FlexColor.o [3]
_Log2PhysY_X0Y1S1       0x00004581     0x2  Code  Lc  GUIDRV_FlexColor.o [3]
_Log2PhysY_X1Y0S0       0x00004571     0x4  Code  Lc  GUIDRV_FlexColor.o [3]
_Log2PhysY_X1Y0S1       0x0000457d     0x4  Code  Lc  GUIDRV_FlexColor.o [3]
_Log2PhysY_X1Y1S0       0x00004577     0x2  Code  Lc  GUIDRV_FlexColor.o [3]
_Log2PhysY_X1Y1S1       0x00004583     0x2  Code  Lc  GUIDRV_FlexColor.o [3]
_Log2VisBuffered        0x0000714d     0x2  Code  Lc  GUI_CharLine.o [3]
_NextDrawWin            0x2000d5e4     0x4  Data  Lc  WM.o [3]
_NumColors              0x20000094     0x4  Data  Lc  LCD_Color.o [3]
_OnExit                 0x00002f0d    0x32  Code  Lc  GUI_Alloc.o [3]
_OnExit                 0x00003bdd    0x24  Code  Lc  GUI_Core.o [3]
_OnExit                 0x000041a1    0x10  Code  Lc  LCD_Color.o [3]
_OnExit                 0x00002b7f    0x1c  Code  Lc  WM.o [3]
_PushFreeBlock          0x00003063    0x20  Code  Lc  GUI_Alloc.o [3]
_ReadData               0x00005ea5     0x6  Code  Lc  GUIDRV_FlexColor_16bpp_C0B16.o [3]
_ReadPixelCust_16bpp    0x000046d7     0xc  Code  Lc  GUIDRV_FlexColor.o [3]
_ReadPixelCust_18bpp    0x000046e3     0xc  Code  Lc  GUIDRV_FlexColor.o [3]
_ReadPixel_16bpp_B16    0x00006e57    0x1e  Code  Lc  GUIDRV_FlexColor_Func66708.o [3]
_ReadPixel_16bpp_B8     0x00006e37    0x20  Code  Lc  GUIDRV_FlexColor_Func66708.o [3]
_ReadRectCust_16bpp     0x000046ef    0x1c  Code  Lc  GUIDRV_FlexColor.o [3]
_ReadRectCust_18bpp     0x0000470b    0x1c  Code  Lc  GUIDRV_FlexColor.o [3]
_RemoveFreeBlock        0x00002cc5    0x32  Code  Lc  GUI_Alloc.o [3]
_RemoveHoles            0x00002d7f    0x92  Code  Lc  GUI_Alloc.o [3]
_SetBkColor             0x0000359d    0x1a  Code  Lc  LCD.o [3]
_SetClipRectUserIntersect
                        0x00002177    0x44  Code  Lc  WM.o [3]
_SetColor               0x000035b7    0x1a  Code  Lc  LCD.o [3]
_SetColorAPI            0x000084c0     0xc  Data  Lc  LCD.o [3]
_SetDevFunc             0x00004751    0x6c  Code  Lc  GUIDRV_FlexColor.o [3]
_SetDrawMode            0x000035d1    0x24  Code  Lc  LCD.o [3]
_SetInterface           0x00006ebd    0x1e  Code  Lc  GUIDRV_FlexColor_Func66708.o [3]
_SetOrg                 0x0000460b    0x20  Code  Lc  GUIDRV_FlexColor.o [3]
_SetOrg                 0x000056bd     0xc  Code  Lc  GUIDEV_16.o [3]
_SetOrientation         0x00006e03    0x34  Code  Lc  GUIDRV_FlexColor_Func66708.o [3]
_SetPhysRAMAddr         0x00006be9    0xac  Code  Lc  GUIDRV_FlexColor_Func66708.o [3]
_SetPixelIndex          0x00004585     0xc  Code  Lc  GUIDRV_FlexColor.o [3]
_SetPixelIndex          0x000055bb    0x2e  Code  Lc  GUIDEV_16.o [3]
_SetRect                0x00006c95   0x160  Code  Lc  GUIDRV_FlexColor_Func66708.o [3]
_SetReg_B16             0x00006ea9     0xa  Code  Lc  GUIDRV_FlexColor_Func66708.o [3]
_SetReg_B8              0x00006e75    0x1a  Code  Lc  GUIDRV_FlexColor_Func66708.o [3]
_TestRAM                0x00002e11    0xe0  Code  Lc  GUI_Alloc.o [3]
_UnlinkDevice           0x00003dbd    0x2a  Code  Lc  GUI_Device.o [3]
_WriteData              0x00005eab     0xa  Code  Lc  GUIDRV_FlexColor_16bpp_C0B16.o [3]
_WritePara_B16          0x00006eb3     0xa  Code  Lc  GUIDRV_FlexColor_Func66708.o [3]
_WritePara_B8           0x00006e8f    0x1a  Code  Lc  GUIDRV_FlexColor_Func66708.o [3]
_WriteTagData           0x00002cb5    0x10  Code  Lc  GUI_Alloc.o [3]
_WriteToActiveOpaque_8  0x00006529   0x26c  Code  Lc  GUIDEV_WriteToActiveOpaque.o [3]
_WriteToActiveOpaque_HT
                        0x00006801   0x222  Code  Lc  GUIDEV_WriteToActiveOpaque.o [3]
_XY2PTR                 0x00004e87    0x36  Code  Lc  GUIDEV_16.o [3]
_XorPixel               0x00004599    0x26  Code  Lc  GUIDRV_FlexColor.o [3]
_XorPixel               0x000055f1    0x3c  Code  Lc  GUIDEV_16.o [3]
__aeabi_memclr          0x00003f79          Code  Gb  ABImemclr.o [5]
__aeabi_memclr4         0x0000453d          Code  Gb  ABImemclr4.o [5]
__cmain                 0x00008409          Code  Gb  cmain.o [5]
__exit                  0x00008439    0x14  Code  Gb  exit.o [6]
__iar_Memset4_word      0x00004d01          Code  Gb  ABImemset48.o [5]
__iar_Memset8_word      0x00004d01          Code  Gb  ABImemset48.o [5]
__iar_Memset_word       0x000043b9          Code  Gb  ABImemset.o [5]
__iar_copy_init3        0x0000834d    0x2c  Code  Gb  copy_init3.o [5]
__iar_data_init3        0x00008379    0x28  Code  Gb  data_init.o [5]
__iar_program_start     0x000084cd          Code  Gb  cstartup_M.o [5]
__iar_unaligned___aeabi_memcpy
                        0x00003b4d          Code  Gb  ABImemcpy_unaligned.o [5]
__iar_unaligned___aeabi_memcpy4
                        0x00003b6d          Code  Gb  ABImemcpy_unaligned.o [5]
__iar_unaligned___aeabi_memcpy8
                        0x00003b6d          Code  Gb  ABImemcpy_unaligned.o [5]
__iar_unaligned___aeabi_memmove
                        0x00003f01          Code  Gb  ABImemmove_unaligned.o [5]
__iar_unaligned___aeabi_memmove4
                        0x00003f01          Code  Gb  ABImemmove_unaligned.o [5]
__iar_unaligned___aeabi_memmove8
                        0x00003f01          Code  Gb  ABImemmove_unaligned.o [5]
__iar_zero_init3        0x000082d9    0x40  Code  Gb  zero_init3.o [5]
__low_level_init        0x00008423     0x4  Code  Gb  low_level_init.o [4]
__vector_table          0x00000000          Data  Gb  startup_stm32f10x_md_vl.o [1]
_aID                    0x000056d8    0x40  Data  Lc  GUIDEV_16.o [3]
_aState                 0x2000d5f8    0x58  Data  Lc  GUI_OnKey.o [3]
_aStateLast             0x2000d650    0x18  Data  Lc  WM_Touch.o [3]
_call_main              0x00008415          Code  Gb  cmain.o [5]
_exit                   0x0000842d          Code  Gb  cexit.o [5]
_main                   0x0000841f          Code  Gb  cmain.o [5]
_pFirstExit             0x2000d6dc     0x4  Data  Lc  GUI_Core.o [3]
_pFuncRefreshHook       0x2000d6a4     0x4  Data  Lc  GUI__ManageCache.o [3]
_pReadKey               0x200000a4     0x4  Data  Lc  GUI_OnKey.o [3]
_pWriteKey              0x200000a8     0x4  Data  Lc  GUI_OnKey.o [3]
_pcbMotion              0x2000d688     0x4  Data  Lc  WM_Touch.o [3]
_pcbToolTip             0x2000d68c     0x4  Data  Lc  WM_Touch.o [3]
_pfHook                 0x200000b0     0x4  Data  Lc  GUI_OnKey.o [3]
_pfSignalEvent          0x2000d6e4     0x4  Data  Lc  GUI_WaitEvent.o [3]
acGUI_Font20_1_00A0     0x00000120    0x14  Data  Lc  F20_1.o [3]
acGUI_Font20_1_00A1     0x00000134    0x14  Data  Lc  F20_1.o [3]
acGUI_Font20_1_00A2     0x00000148    0x28  Data  Lc  F20_1.o [3]
acGUI_Font20_1_00A3     0x00000170    0x28  Data  Lc  F20_1.o [3]
acGUI_Font20_1_00A4     0x00000198    0x28  Data  Lc  F20_1.o [3]
acGUI_Font20_1_00A5     0x000001c0    0x28  Data  Lc  F20_1.o [3]
acGUI_Font20_1_00A6     0x000001e8    0x14  Data  Lc  F20_1.o [3]
acGUI_Font20_1_00A7     0x000001fc    0x28  Data  Lc  F20_1.o [3]
acGUI_Font20_1_00A8     0x00000224    0x14  Data  Lc  F20_1.o [3]
acGUI_Font20_1_00A9     0x00000238    0x28  Data  Lc  F20_1.o [3]
acGUI_Font20_1_00AA     0x00000260    0x14  Data  Lc  F20_1.o [3]
acGUI_Font20_1_00AB     0x00000274    0x28  Data  Lc  F20_1.o [3]
acGUI_Font20_1_00AC     0x0000029c    0x28  Data  Lc  F20_1.o [3]
acGUI_Font20_1_00AD     0x000002c4    0x14  Data  Lc  F20_1.o [3]
acGUI_Font20_1_00AE     0x000002d8    0x28  Data  Lc  F20_1.o [3]
acGUI_Font20_1_00AF     0x00000300    0x28  Data  Lc  F20_1.o [3]
acGUI_Font20_1_00B0     0x00000328    0x14  Data  Lc  F20_1.o [3]
acGUI_Font20_1_00B1     0x0000033c    0x28  Data  Lc  F20_1.o [3]
acGUI_Font20_1_00B2     0x00000364    0x14  Data  Lc  F20_1.o [3]
acGUI_Font20_1_00B3     0x00000378    0x14  Data  Lc  F20_1.o [3]
acGUI_Font20_1_00B4     0x0000038c    0x14  Data  Lc  F20_1.o [3]
acGUI_Font20_1_00B5     0x000003a0    0x28  Data  Lc  F20_1.o [3]
acGUI_Font20_1_00B6     0x000003c8    0x28  Data  Lc  F20_1.o [3]
acGUI_Font20_1_00B7     0x000003f0    0x14  Data  Lc  F20_1.o [3]
acGUI_Font20_1_00B8     0x00000404    0x14  Data  Lc  F20_1.o [3]
acGUI_Font20_1_00B9     0x00000418    0x14  Data  Lc  F20_1.o [3]
acGUI_Font20_1_00BA     0x0000042c    0x14  Data  Lc  F20_1.o [3]
acGUI_Font20_1_00BB     0x00000440    0x28  Data  Lc  F20_1.o [3]
acGUI_Font20_1_00BC     0x00000468    0x28  Data  Lc  F20_1.o [3]
acGUI_Font20_1_00BD     0x00000490    0x28  Data  Lc  F20_1.o [3]
acGUI_Font20_1_00BE     0x000004b8    0x28  Data  Lc  F20_1.o [3]
acGUI_Font20_1_00BF     0x000004e0    0x28  Data  Lc  F20_1.o [3]
acGUI_Font20_1_00C0     0x00000508    0x28  Data  Lc  F20_1.o [3]
acGUI_Font20_1_00C1     0x00000530    0x28  Data  Lc  F20_1.o [3]
acGUI_Font20_1_00C2     0x00000558    0x28  Data  Lc  F20_1.o [3]
acGUI_Font20_1_00C3     0x00000580    0x28  Data  Lc  F20_1.o [3]
acGUI_Font20_1_00C4     0x000005a8    0x28  Data  Lc  F20_1.o [3]
acGUI_Font20_1_00C5     0x000005d0    0x28  Data  Lc  F20_1.o [3]
acGUI_Font20_1_00C6     0x000005f8    0x3c  Data  Lc  F20_1.o [3]
acGUI_Font20_1_00C7     0x00000634    0x28  Data  Lc  F20_1.o [3]
acGUI_Font20_1_00C8     0x0000065c    0x28  Data  Lc  F20_1.o [3]
acGUI_Font20_1_00C9     0x00000684    0x28  Data  Lc  F20_1.o [3]
acGUI_Font20_1_00CA     0x000006ac    0x28  Data  Lc  F20_1.o [3]
acGUI_Font20_1_00CB     0x000006d4    0x28  Data  Lc  F20_1.o [3]
acGUI_Font20_1_00CC     0x000006fc    0x14  Data  Lc  F20_1.o [3]
acGUI_Font20_1_00CD     0x00000710    0x14  Data  Lc  F20_1.o [3]
acGUI_Font20_1_00CE     0x00000724    0x14  Data  Lc  F20_1.o [3]
acGUI_Font20_1_00CF     0x00000738    0x14  Data  Lc  F20_1.o [3]
acGUI_Font20_1_00D0     0x0000074c    0x28  Data  Lc  F20_1.o [3]
acGUI_Font20_1_00D1     0x00000774    0x28  Data  Lc  F20_1.o [3]
acGUI_Font20_1_00D2     0x0000079c    0x28  Data  Lc  F20_1.o [3]
acGUI_Font20_1_00D3     0x000007c4    0x28  Data  Lc  F20_1.o [3]
acGUI_Font20_1_00D4     0x000007ec    0x28  Data  Lc  F20_1.o [3]
acGUI_Font20_1_00D5     0x00000814    0x28  Data  Lc  F20_1.o [3]
acGUI_Font20_1_00D6     0x0000083c    0x28  Data  Lc  F20_1.o [3]
acGUI_Font20_1_00D7     0x00000864    0x28  Data  Lc  F20_1.o [3]
acGUI_Font20_1_00D8     0x0000088c    0x28  Data  Lc  F20_1.o [3]
acGUI_Font20_1_00D9     0x000008b4    0x28  Data  Lc  F20_1.o [3]
acGUI_Font20_1_00DA     0x000008dc    0x28  Data  Lc  F20_1.o [3]
acGUI_Font20_1_00DB     0x00000904    0x28  Data  Lc  F20_1.o [3]
acGUI_Font20_1_00DC     0x0000092c    0x28  Data  Lc  F20_1.o [3]
acGUI_Font20_1_00DD     0x00000954    0x28  Data  Lc  F20_1.o [3]
acGUI_Font20_1_00DE     0x0000097c    0x28  Data  Lc  F20_1.o [3]
acGUI_Font20_1_00DF     0x000009a4    0x28  Data  Lc  F20_1.o [3]
acGUI_Font20_1_00E0     0x000009cc    0x28  Data  Lc  F20_1.o [3]
acGUI_Font20_1_00E1     0x000009f4    0x28  Data  Lc  F20_1.o [3]
acGUI_Font20_1_00E2     0x00000a1c    0x28  Data  Lc  F20_1.o [3]
acGUI_Font20_1_00E3     0x00000a44    0x28  Data  Lc  F20_1.o [3]
acGUI_Font20_1_00E4     0x00000a6c    0x28  Data  Lc  F20_1.o [3]
acGUI_Font20_1_00E5     0x00000a94    0x28  Data  Lc  F20_1.o [3]
acGUI_Font20_1_00E6     0x00000abc    0x28  Data  Lc  F20_1.o [3]
acGUI_Font20_1_00E7     0x00000ae4    0x28  Data  Lc  F20_1.o [3]
acGUI_Font20_1_00E8     0x00000b0c    0x28  Data  Lc  F20_1.o [3]
acGUI_Font20_1_00E9     0x00000b34    0x28  Data  Lc  F20_1.o [3]
acGUI_Font20_1_00EA     0x00000b5c    0x28  Data  Lc  F20_1.o [3]
acGUI_Font20_1_00EB     0x00000b84    0x28  Data  Lc  F20_1.o [3]
acGUI_Font20_1_00EC     0x00000bac    0x14  Data  Lc  F20_1.o [3]
acGUI_Font20_1_00ED     0x00000bc0    0x14  Data  Lc  F20_1.o [3]
acGUI_Font20_1_00EE     0x00000bd4    0x14  Data  Lc  F20_1.o [3]
acGUI_Font20_1_00EF     0x00000be8    0x14  Data  Lc  F20_1.o [3]
acGUI_Font20_1_00F0     0x00000bfc    0x28  Data  Lc  F20_1.o [3]
acGUI_Font20_1_00F1     0x00000c24    0x28  Data  Lc  F20_1.o [3]
acGUI_Font20_1_00F2     0x00000c4c    0x28  Data  Lc  F20_1.o [3]
acGUI_Font20_1_00F3     0x00000c74    0x28  Data  Lc  F20_1.o [3]
acGUI_Font20_1_00F4     0x00000c9c    0x28  Data  Lc  F20_1.o [3]
acGUI_Font20_1_00F5     0x00000cc4    0x28  Data  Lc  F20_1.o [3]
acGUI_Font20_1_00F6     0x00000cec    0x28  Data  Lc  F20_1.o [3]
acGUI_Font20_1_00F7     0x00000d14    0x28  Data  Lc  F20_1.o [3]
acGUI_Font20_1_00F8     0x00000d3c    0x28  Data  Lc  F20_1.o [3]
acGUI_Font20_1_00F9     0x00000d64    0x28  Data  Lc  F20_1.o [3]
acGUI_Font20_1_00FA     0x00000d8c    0x28  Data  Lc  F20_1.o [3]
acGUI_Font20_1_00FB     0x00000db4    0x28  Data  Lc  F20_1.o [3]
acGUI_Font20_1_00FC     0x00000ddc    0x28  Data  Lc  F20_1.o [3]
acGUI_Font20_1_00FD     0x00000e04    0x28  Data  Lc  F20_1.o [3]
acGUI_Font20_1_00FE     0x00000e2c    0x28  Data  Lc  F20_1.o [3]
acGUI_Font20_1_00FF     0x00000e54    0x28  Data  Lc  F20_1.o [3]
acGUI_Font20_ASCII_0020
                        0x000011ac    0x14  Data  Lc  F20_ASCII.o [3]
acGUI_Font20_ASCII_0021
                        0x000011c0    0x14  Data  Lc  F20_ASCII.o [3]
acGUI_Font20_ASCII_0022
                        0x000011d4    0x14  Data  Lc  F20_ASCII.o [3]
acGUI_Font20_ASCII_0023
                        0x000011e8    0x28  Data  Lc  F20_ASCII.o [3]
acGUI_Font20_ASCII_0024
                        0x00001210    0x28  Data  Lc  F20_ASCII.o [3]
acGUI_Font20_ASCII_0025
                        0x00001238    0x28  Data  Lc  F20_ASCII.o [3]
acGUI_Font20_ASCII_0026
                        0x00001260    0x28  Data  Lc  F20_ASCII.o [3]
acGUI_Font20_ASCII_0027
                        0x00001288    0x14  Data  Lc  F20_ASCII.o [3]
acGUI_Font20_ASCII_0028
                        0x0000129c    0x14  Data  Lc  F20_ASCII.o [3]
acGUI_Font20_ASCII_0029
                        0x000012b0    0x14  Data  Lc  F20_ASCII.o [3]
acGUI_Font20_ASCII_002A
                        0x000012c4    0x14  Data  Lc  F20_ASCII.o [3]
acGUI_Font20_ASCII_002B
                        0x000012d8    0x28  Data  Lc  F20_ASCII.o [3]
acGUI_Font20_ASCII_002C
                        0x00001300    0x14  Data  Lc  F20_ASCII.o [3]
acGUI_Font20_ASCII_002D
                        0x00001314    0x14  Data  Lc  F20_ASCII.o [3]
acGUI_Font20_ASCII_002E
                        0x00001328    0x14  Data  Lc  F20_ASCII.o [3]
acGUI_Font20_ASCII_002F
                        0x0000133c    0x14  Data  Lc  F20_ASCII.o [3]
acGUI_Font20_ASCII_0030
                        0x00001350    0x28  Data  Lc  F20_ASCII.o [3]
acGUI_Font20_ASCII_0031
                        0x00001378    0x28  Data  Lc  F20_ASCII.o [3]
acGUI_Font20_ASCII_0032
                        0x000013a0    0x28  Data  Lc  F20_ASCII.o [3]
acGUI_Font20_ASCII_0033
                        0x000013c8    0x28  Data  Lc  F20_ASCII.o [3]
acGUI_Font20_ASCII_0034
                        0x000013f0    0x28  Data  Lc  F20_ASCII.o [3]
acGUI_Font20_ASCII_0035
                        0x00001418    0x28  Data  Lc  F20_ASCII.o [3]
acGUI_Font20_ASCII_0036
                        0x00001440    0x28  Data  Lc  F20_ASCII.o [3]
acGUI_Font20_ASCII_0037
                        0x00001468    0x28  Data  Lc  F20_ASCII.o [3]
acGUI_Font20_ASCII_0038
                        0x00001490    0x28  Data  Lc  F20_ASCII.o [3]
acGUI_Font20_ASCII_0039
                        0x000014b8    0x28  Data  Lc  F20_ASCII.o [3]
acGUI_Font20_ASCII_003A
                        0x000014e0    0x14  Data  Lc  F20_ASCII.o [3]
acGUI_Font20_ASCII_003B
                        0x000014f4    0x14  Data  Lc  F20_ASCII.o [3]
acGUI_Font20_ASCII_003C
                        0x00001508    0x28  Data  Lc  F20_ASCII.o [3]
acGUI_Font20_ASCII_003D
                        0x00001530    0x28  Data  Lc  F20_ASCII.o [3]
acGUI_Font20_ASCII_003E
                        0x00001558    0x28  Data  Lc  F20_ASCII.o [3]
acGUI_Font20_ASCII_003F
                        0x00001580    0x28  Data  Lc  F20_ASCII.o [3]
acGUI_Font20_ASCII_0040
                        0x000015a8    0x3c  Data  Lc  F20_ASCII.o [3]
acGUI_Font20_ASCII_0041
                        0x000015e4    0x28  Data  Lc  F20_ASCII.o [3]
acGUI_Font20_ASCII_0042
                        0x0000160c    0x28  Data  Lc  F20_ASCII.o [3]
acGUI_Font20_ASCII_0043
                        0x00001634    0x28  Data  Lc  F20_ASCII.o [3]
acGUI_Font20_ASCII_0044
                        0x0000165c    0x28  Data  Lc  F20_ASCII.o [3]
acGUI_Font20_ASCII_0045
                        0x00001684    0x28  Data  Lc  F20_ASCII.o [3]
acGUI_Font20_ASCII_0046
                        0x000016ac    0x28  Data  Lc  F20_ASCII.o [3]
acGUI_Font20_ASCII_0047
                        0x000016d4    0x28  Data  Lc  F20_ASCII.o [3]
acGUI_Font20_ASCII_0048
                        0x000016fc    0x28  Data  Lc  F20_ASCII.o [3]
acGUI_Font20_ASCII_0049
                        0x00001724    0x14  Data  Lc  F20_ASCII.o [3]
acGUI_Font20_ASCII_004A
                        0x00001738    0x28  Data  Lc  F20_ASCII.o [3]
acGUI_Font20_ASCII_004B
                        0x00001760    0x28  Data  Lc  F20_ASCII.o [3]
acGUI_Font20_ASCII_004C
                        0x00001788    0x28  Data  Lc  F20_ASCII.o [3]
acGUI_Font20_ASCII_004D
                        0x000017b0    0x28  Data  Lc  F20_ASCII.o [3]
acGUI_Font20_ASCII_004E
                        0x000017d8    0x28  Data  Lc  F20_ASCII.o [3]
acGUI_Font20_ASCII_004F
                        0x00001800    0x28  Data  Lc  F20_ASCII.o [3]
acGUI_Font20_ASCII_0050
                        0x00001828    0x28  Data  Lc  F20_ASCII.o [3]
acGUI_Font20_ASCII_0051
                        0x00001850    0x28  Data  Lc  F20_ASCII.o [3]
acGUI_Font20_ASCII_0052
                        0x00001878    0x28  Data  Lc  F20_ASCII.o [3]
acGUI_Font20_ASCII_0053
                        0x000018a0    0x28  Data  Lc  F20_ASCII.o [3]
acGUI_Font20_ASCII_0054
                        0x000018c8    0x28  Data  Lc  F20_ASCII.o [3]
acGUI_Font20_ASCII_0055
                        0x000018f0    0x28  Data  Lc  F20_ASCII.o [3]
acGUI_Font20_ASCII_0056
                        0x00001918    0x28  Data  Lc  F20_ASCII.o [3]
acGUI_Font20_ASCII_0057
                        0x00001940    0x3c  Data  Lc  F20_ASCII.o [3]
acGUI_Font20_ASCII_0058
                        0x0000197c    0x28  Data  Lc  F20_ASCII.o [3]
acGUI_Font20_ASCII_0059
                        0x000019a4    0x28  Data  Lc  F20_ASCII.o [3]
acGUI_Font20_ASCII_005A
                        0x000019cc    0x28  Data  Lc  F20_ASCII.o [3]
acGUI_Font20_ASCII_005B
                        0x000019f4    0x14  Data  Lc  F20_ASCII.o [3]
acGUI_Font20_ASCII_005C
                        0x00001a08    0x14  Data  Lc  F20_ASCII.o [3]
acGUI_Font20_ASCII_005D
                        0x00001a1c    0x14  Data  Lc  F20_ASCII.o [3]
acGUI_Font20_ASCII_005E
                        0x00001a30    0x14  Data  Lc  F20_ASCII.o [3]
acGUI_Font20_ASCII_005F
                        0x00001a44    0x28  Data  Lc  F20_ASCII.o [3]
acGUI_Font20_ASCII_0060
                        0x00001a6c    0x14  Data  Lc  F20_ASCII.o [3]
acGUI_Font20_ASCII_0061
                        0x00001a80    0x28  Data  Lc  F20_ASCII.o [3]
acGUI_Font20_ASCII_0062
                        0x00001aa8    0x28  Data  Lc  F20_ASCII.o [3]
acGUI_Font20_ASCII_0063
                        0x00001ad0    0x28  Data  Lc  F20_ASCII.o [3]
acGUI_Font20_ASCII_0064
                        0x00001af8    0x28  Data  Lc  F20_ASCII.o [3]
acGUI_Font20_ASCII_0065
                        0x00001b20    0x28  Data  Lc  F20_ASCII.o [3]
acGUI_Font20_ASCII_0066
                        0x00001b48    0x14  Data  Lc  F20_ASCII.o [3]
acGUI_Font20_ASCII_0067
                        0x00001b5c    0x28  Data  Lc  F20_ASCII.o [3]
acGUI_Font20_ASCII_0068
                        0x00001b84    0x28  Data  Lc  F20_ASCII.o [3]
acGUI_Font20_ASCII_0069
                        0x00001bac    0x14  Data  Lc  F20_ASCII.o [3]
acGUI_Font20_ASCII_006A
                        0x00001bc0    0x14  Data  Lc  F20_ASCII.o [3]
acGUI_Font20_ASCII_006B
                        0x00001bd4    0x28  Data  Lc  F20_ASCII.o [3]
acGUI_Font20_ASCII_006C
                        0x00001bfc    0x14  Data  Lc  F20_ASCII.o [3]
acGUI_Font20_ASCII_006D
                        0x00001c10    0x28  Data  Lc  F20_ASCII.o [3]
acGUI_Font20_ASCII_006E
                        0x00001c38    0x28  Data  Lc  F20_ASCII.o [3]
acGUI_Font20_ASCII_006F
                        0x00001c60    0x28  Data  Lc  F20_ASCII.o [3]
acGUI_Font20_ASCII_0070
                        0x00001c88    0x28  Data  Lc  F20_ASCII.o [3]
acGUI_Font20_ASCII_0071
                        0x00001cb0    0x28  Data  Lc  F20_ASCII.o [3]
acGUI_Font20_ASCII_0072
                        0x00001cd8    0x14  Data  Lc  F20_ASCII.o [3]
acGUI_Font20_ASCII_0073
                        0x00001cec    0x28  Data  Lc  F20_ASCII.o [3]
acGUI_Font20_ASCII_0074
                        0x00001d14    0x14  Data  Lc  F20_ASCII.o [3]
acGUI_Font20_ASCII_0075
                        0x00001d28    0x28  Data  Lc  F20_ASCII.o [3]
acGUI_Font20_ASCII_0076
                        0x00001d50    0x28  Data  Lc  F20_ASCII.o [3]
acGUI_Font20_ASCII_0077
                        0x00001d78    0x28  Data  Lc  F20_ASCII.o [3]
acGUI_Font20_ASCII_0078
                        0x00001da0    0x14  Data  Lc  F20_ASCII.o [3]
acGUI_Font20_ASCII_0079
                        0x00001db4    0x28  Data  Lc  F20_ASCII.o [3]
acGUI_Font20_ASCII_007A
                        0x00001ddc    0x14  Data  Lc  F20_ASCII.o [3]
acGUI_Font20_ASCII_007B
                        0x00001df0    0x14  Data  Lc  F20_ASCII.o [3]
acGUI_Font20_ASCII_007C
                        0x00001e04    0x14  Data  Lc  F20_ASCII.o [3]
acGUI_Font20_ASCII_007D
                        0x00001e18    0x14  Data  Lc  F20_ASCII.o [3]
acGUI_Font20_ASCII_007E
                        0x00001e2c    0x28  Data  Lc  F20_ASCII.o [3]
cbBackWin               0x00002ae3    0x4a  Code  Lc  WM.o [3]
emWin_LCD_Init          0x00003a55    0x8c  Code  Gb  LCD.o [3]
exit                    0x00008427     0x4  Code  Gb  exit.o [4]
extMem                  0x200000c0  0xd400  Data  Gb  GUIConf_stm3210e_eval.o [1]
main                    0x00007ee1    0x6c  Code  Gb  main.o [1]
u32_msDelay             0x2000d6cc     0x4  Data  Lc  delay.o [1]
vd_FSMC_Init            0x00007fe7    0x78  Code  Gb  fsmc.o [1]
vd_GPIO_Init            0x0000797d   0x118  Code  Gb  gpio.o [1]
vd_LCD_Delay            0x00004cd9    0x14  Code  Lc  drv_lcd.o [1]
vd_LCD_Init             0x00004b39   0x1a0  Code  Gb  drv_lcd.o [1]
vd_LCD_Write_Cmd        0x00004ced     0xc  Code  Lc  drv_lcd.o [1]
vd_RCC_Init             0x00007f71    0x76  Code  Gb  rcc.o [1]
vd_delay_Init           0x00008061     0x8  Code  Gb  delay.o [1]


[1] = F:\71_iar_wks\lcd\LCD\trunk\Debug\Obj
[2] = command line
[3] = STemWin528_CM3_IAR.a
[4] = dl7M_tln.a
[5] = rt7M_tl.a
[6] = shb_l.a

  23 096 bytes of readonly  code memory
  11 304 bytes of readonly  data memory
  56 048 bytes of readwrite data memory

Errors: none
Warnings: none
