
Discarded input sections

 .text          0x00000000        0x0 ..\obj\system_stm32f10x.o
 .data          0x00000000       0x14 ..\obj\system_stm32f10x.o
 .bss           0x00000000        0x0 ..\obj\system_stm32f10x.o
 .text.SystemCoreClockUpdate
                0x00000000       0xd8 ..\obj\system_stm32f10x.o
 .text          0x00000000        0x0 ..\obj\startup_stm32f10x_hd.o
 .data          0x00000000        0x0 ..\obj\startup_stm32f10x_hd.o
 .bss           0x00000000        0x0 ..\obj\startup_stm32f10x_hd.o
 .text          0x00000000        0x0 ..\obj\stm32f10x_gpio.o
 .data          0x00000000        0x0 ..\obj\stm32f10x_gpio.o
 .bss           0x00000000        0x0 ..\obj\stm32f10x_gpio.o
 .text.GPIO_DeInit
                0x00000000       0xe4 ..\obj\stm32f10x_gpio.o
 .text.GPIO_AFIODeInit
                0x00000000       0x18 ..\obj\stm32f10x_gpio.o
 .text.GPIO_StructInit
                0x00000000       0x28 ..\obj\stm32f10x_gpio.o
 .text.GPIO_ReadInputDataBit
                0x00000000       0x34 ..\obj\stm32f10x_gpio.o
 .text.GPIO_ReadInputData
                0x00000000       0x1c ..\obj\stm32f10x_gpio.o
 .text.GPIO_ReadOutputDataBit
                0x00000000       0x34 ..\obj\stm32f10x_gpio.o
 .text.GPIO_ReadOutputData
                0x00000000       0x1c ..\obj\stm32f10x_gpio.o
 .text.GPIO_WriteBit
                0x00000000       0x30 ..\obj\stm32f10x_gpio.o
 .text.GPIO_Write
                0x00000000       0x1c ..\obj\stm32f10x_gpio.o
 .text.GPIO_PinLockConfig
                0x00000000       0x44 ..\obj\stm32f10x_gpio.o
 .text.GPIO_EventOutputConfig
                0x00000000       0x48 ..\obj\stm32f10x_gpio.o
 .text.GPIO_EventOutputCmd
                0x00000000       0x20 ..\obj\stm32f10x_gpio.o
 .text.GPIO_PinRemapConfig
                0x00000000       0xe0 ..\obj\stm32f10x_gpio.o
 .text.GPIO_ETH_MediaInterfaceConfig
                0x00000000       0x1c ..\obj\stm32f10x_gpio.o
 .text          0x00000000        0x0 ..\obj\main.o
 .data          0x00000000        0x0 ..\obj\main.o
 .bss           0x00000000        0x0 ..\obj\main.o
 .text          0x00000000        0x0 ..\obj\stm32f10x_rcc.o
 .data          0x00000000       0x14 ..\obj\stm32f10x_rcc.o
 .bss           0x00000000        0x0 ..\obj\stm32f10x_rcc.o
 .text.RCC_DeInit
                0x00000000       0x5c ..\obj\stm32f10x_rcc.o
 .text.RCC_HSEConfig
                0x00000000       0x5c ..\obj\stm32f10x_rcc.o
 .text.RCC_WaitForHSEStartUp
                0x00000000       0x50 ..\obj\stm32f10x_rcc.o
 .text.RCC_AdjustHSICalibrationValue
                0x00000000       0x3c ..\obj\stm32f10x_rcc.o
 .text.RCC_HSICmd
                0x00000000       0x20 ..\obj\stm32f10x_rcc.o
 .text.RCC_PLLConfig
                0x00000000       0x3c ..\obj\stm32f10x_rcc.o
 .text.RCC_PLLCmd
                0x00000000       0x20 ..\obj\stm32f10x_rcc.o
 .text.RCC_SYSCLKConfig
                0x00000000       0x38 ..\obj\stm32f10x_rcc.o
 .text.RCC_GetSYSCLKSource
                0x00000000       0x20 ..\obj\stm32f10x_rcc.o
 .text.RCC_HCLKConfig
                0x00000000       0x38 ..\obj\stm32f10x_rcc.o
 .text.RCC_PCLK1Config
                0x00000000       0x38 ..\obj\stm32f10x_rcc.o
 .text.RCC_PCLK2Config
                0x00000000       0x38 ..\obj\stm32f10x_rcc.o
 .text.RCC_ITConfig
                0x00000000       0x48 ..\obj\stm32f10x_rcc.o
 .text.RCC_USBCLKConfig
                0x00000000       0x1c ..\obj\stm32f10x_rcc.o
 .text.RCC_ADCCLKConfig
                0x00000000       0x38 ..\obj\stm32f10x_rcc.o
 .text.RCC_LSEConfig
                0x00000000       0x40 ..\obj\stm32f10x_rcc.o
 .text.RCC_LSICmd
                0x00000000       0x20 ..\obj\stm32f10x_rcc.o
 .text.RCC_RTCCLKConfig
                0x00000000       0x24 ..\obj\stm32f10x_rcc.o
 .text.RCC_RTCCLKCmd
                0x00000000       0x20 ..\obj\stm32f10x_rcc.o
 .text.RCC_GetClocksFreq
                0x00000000      0x164 ..\obj\stm32f10x_rcc.o
 .text.RCC_AHBPeriphClockCmd
                0x00000000       0x3c ..\obj\stm32f10x_rcc.o
 .text.RCC_APB1PeriphClockCmd
                0x00000000       0x3c ..\obj\stm32f10x_rcc.o
 .text.RCC_APB2PeriphResetCmd
                0x00000000       0x3c ..\obj\stm32f10x_rcc.o
 .text.RCC_APB1PeriphResetCmd
                0x00000000       0x3c ..\obj\stm32f10x_rcc.o
 .text.RCC_BackupResetCmd
                0x00000000       0x20 ..\obj\stm32f10x_rcc.o
 .text.RCC_ClockSecuritySystemCmd
                0x00000000       0x20 ..\obj\stm32f10x_rcc.o
 .text.RCC_MCOConfig
                0x00000000       0x20 ..\obj\stm32f10x_rcc.o
 .text.RCC_GetFlagStatus
                0x00000000       0x74 ..\obj\stm32f10x_rcc.o
 .text.RCC_ClearFlag
                0x00000000       0x1c ..\obj\stm32f10x_rcc.o
 .text.RCC_GetITStatus
                0x00000000       0x38 ..\obj\stm32f10x_rcc.o
 .text.RCC_ClearITPendingBit
                0x00000000       0x20 ..\obj\stm32f10x_rcc.o
 .text          0x00000000        0x0 ..\obj\stm32f10x_exti.o
 .data          0x00000000        0x0 ..\obj\stm32f10x_exti.o
 .bss           0x00000000        0x0 ..\obj\stm32f10x_exti.o
 .text.EXTI_DeInit
                0x00000000       0x34 ..\obj\stm32f10x_exti.o
 .text.EXTI_StructInit
                0x00000000       0x2c ..\obj\stm32f10x_exti.o
 .text.EXTI_GenerateSWInterrupt
                0x00000000       0x24 ..\obj\stm32f10x_exti.o
 .text.EXTI_GetFlagStatus
                0x00000000       0x34 ..\obj\stm32f10x_exti.o
 .text.EXTI_ClearFlag
                0x00000000       0x1c ..\obj\stm32f10x_exti.o
 .text          0x00000000        0x0 ..\obj\leds.o
 .data          0x00000000        0x0 ..\obj\leds.o
 .bss           0x00000000        0x0 ..\obj\leds.o
 .text          0x00000000        0x0 ..\obj\exti.o
 .data          0x00000000        0x0 ..\obj\exti.o
 .text          0x00000000        0x0 ..\obj\misc.o
 .data          0x00000000        0x0 ..\obj\misc.o
 .bss           0x00000000        0x0 ..\obj\misc.o
 .text.NVIC_PriorityGroupConfig
                0x00000000       0x24 ..\obj\misc.o
 .text.NVIC_SetVectorTable
                0x00000000       0x2c ..\obj\misc.o
 .text.NVIC_SystemLPConfig
                0x00000000       0x40 ..\obj\misc.o
 .text.SysTick_CLKSourceConfig
                0x00000000       0x38 ..\obj\misc.o

Memory Configuration

Name             Origin             Length             Attributes
rom              0x08000000         0x00080000         xr
ram              0x20000000         0x00010000         xrw
*default*        0x00000000         0xffffffff

Linker script and memory map

                0x20010000                _eram = 0x20010000

.text           0x08000000      0xb88
 *(.isr_vector)
 .isr_vector    0x08000000      0x134 ..\obj\startup_stm32f10x_hd.o
                0x08000000                g_pfnVectors
 *(.text*)
 .text.SystemInit
                0x08000134       0x68 ..\obj\system_stm32f10x.o
                0x08000134                SystemInit
 .text.SetSysClock
                0x0800019c        0xc ..\obj\system_stm32f10x.o
 .text.SetSysClockTo72
                0x080001a8      0x100 ..\obj\system_stm32f10x.o
 .text.Default_Reset_Handler
                0x080002a8       0x60 ..\obj\startup_stm32f10x_hd.o
                0x080002a8                Default_Reset_Handler
                0x080002a8                Reset_Handler
 .text.Default_Handler
                0x08000308        0x8 ..\obj\startup_stm32f10x_hd.o
                0x08000308                TIM8_TRG_COM_IRQHandler
                0x08000308                TIM8_CC_IRQHandler
                0x08000308                DebugMon_Handler
                0x08000308                TIM1_CC_IRQHandler
                0x08000308                HardFault_Handler
                0x08000308                TIM6_IRQHandler
                0x08000308                SysTick_Handler
                0x08000308                PVD_IRQHandler
                0x08000308                SDIO_IRQHandler
                0x08000308                PendSV_Handler
                0x08000308                NMI_Handler
                0x08000308                EXTI0_IRQHandler
                0x08000308                I2C2_EV_IRQHandler
                0x08000308                UsageFault_Handler
                0x08000308                ADC1_2_IRQHandler
                0x08000308                SPI1_IRQHandler
                0x08000308                TAMPER_IRQHandler
                0x08000308                TIM8_UP_IRQHandler
                0x08000308                DMA2_Channel2_IRQHandler
                0x08000308                DMA1_Channel4_IRQHandler
                0x08000308                USART3_IRQHandler
                0x08000308                RTC_IRQHandler
                0x08000308                DMA1_Channel7_IRQHandler
                0x08000308                CAN1_RX1_IRQHandler
                0x08000308                UART5_IRQHandler
                0x08000308                ADC3_IRQHandler
                0x08000308                TIM4_IRQHandler
                0x08000308                DMA2_Channel1_IRQHandler
                0x08000308                I2C1_EV_IRQHandler
                0x08000308                DMA1_Channel6_IRQHandler
                0x08000308                UART4_IRQHandler
                0x08000308                TIM3_IRQHandler
                0x08000308                RCC_IRQHandler
                0x08000308                TIM1_TRG_COM_IRQHandler
                0x08000308                DMA1_Channel1_IRQHandler
                0x08000308                EXTI15_10_IRQHandler
                0x08000308                TIM7_IRQHandler
                0x08000308                TIM5_IRQHandler
                0x08000308                SPI2_IRQHandler
                0x08000308                MemManage_Handler
                0x08000308                SVC_Handler
                0x08000308                DMA1_Channel5_IRQHandler
                0x08000308                USB_LP_CAN1_RX0_IRQHandler
                0x08000308                USB_HP_CAN1_TX_IRQHandler
                0x08000308                DMA1_Channel3_IRQHandler
                0x08000308                FSMC_IRQHandler
                0x08000308                TIM1_UP_IRQHandler
                0x08000308                WWDG_IRQHandler
                0x08000308                TIM2_IRQHandler
                0x08000308                TIM1_BRK_IRQHandler
                0x08000308                EXTI1_IRQHandler
                0x08000308                RTCAlarm_IRQHandler
                0x08000308                DMA2_Channel4_5_IRQHandler
                0x08000308                USART2_IRQHandler
                0x08000308                I2C2_ER_IRQHandler
                0x08000308                DMA1_Channel2_IRQHandler
                0x08000308                TIM8_BRK_IRQHandler
                0x08000308                CAN1_SCE_IRQHandler
                0x08000308                FLASH_IRQHandler
                0x08000308                BusFault_Handler
                0x08000308                USART1_IRQHandler
                0x08000308                SPI3_IRQHandler
                0x08000308                I2C1_ER_IRQHandler
                0x08000308                USBWakeUp_IRQHandler
                0x08000308                DMA2_Channel3_IRQHandler
 .text.GPIO_Init
                0x08000310      0x178 ..\obj\stm32f10x_gpio.o
                0x08000310                GPIO_Init
 .text.GPIO_SetBits
                0x08000488       0x1c ..\obj\stm32f10x_gpio.o
                0x08000488                GPIO_SetBits
 .text.GPIO_ResetBits
                0x080004a4       0x1c ..\obj\stm32f10x_gpio.o
                0x080004a4                GPIO_ResetBits
 .text.GPIO_EXTILineConfig
                0x080004c0       0x7c ..\obj\stm32f10x_gpio.o
                0x080004c0                GPIO_EXTILineConfig
 .text.main     0x0800053c       0x1c ..\obj\main.o
                0x0800053c                main
 .text.RCC_APB2PeriphClockCmd
                0x08000558       0x3c ..\obj\stm32f10x_rcc.o
                0x08000558                RCC_APB2PeriphClockCmd
 .text.EXTI_Init
                0x08000594       0xdc ..\obj\stm32f10x_exti.o
                0x08000594                EXTI_Init
 .text.EXTI_GetITStatus
                0x08000670       0x48 ..\obj\stm32f10x_exti.o
                0x08000670                EXTI_GetITStatus
 .text.EXTI_ClearITPendingBit
                0x080006b8       0x1c ..\obj\stm32f10x_exti.o
                0x080006b8                EXTI_ClearITPendingBit
 .text.initLeds
                0x080006d4       0x78 ..\obj\leds.o
                0x080006d4                initLeds
 .text.ledOn    0x0800074c       0x1c ..\obj\leds.o
                0x0800074c                ledOn
 .text.ledOff   0x08000768       0x1c ..\obj\leds.o
                0x08000768                ledOff
 .text.exti5Init
                0x08000784       0x88 ..\obj\exti.o
                0x08000784                exti5Init
 .text.exti2Init
                0x0800080c       0x88 ..\obj\exti.o
                0x0800080c                exti2Init
 .text.exti3Init
                0x08000894       0x88 ..\obj\exti.o
                0x08000894                exti3Init
 .text.exti4Init
                0x0800091c       0x88 ..\obj\exti.o
                0x0800091c                exti4Init
 .text.EXTI2_IRQHandler
                0x080009a4       0x48 ..\obj\exti.o
                0x080009a4                EXTI2_IRQHandler
 .text.EXTI3_IRQHandler
                0x080009ec       0x4c ..\obj\exti.o
                0x080009ec                EXTI3_IRQHandler
 .text.EXTI4_IRQHandler
                0x08000a38       0x48 ..\obj\exti.o
                0x08000a38                EXTI4_IRQHandler
 .text.EXTI9_5_IRQHandler
                0x08000a80       0x48 ..\obj\exti.o
                0x08000a80                EXTI9_5_IRQHandler
 .text.NVIC_Init
                0x08000ac8       0xc0 ..\obj\misc.o
                0x08000ac8                NVIC_Init
 *(.init)
 *(.fini)
 *crtbegin.o(.ctors)
 *crtbegin?.o(.ctors)
 *(EXCLUDE_FILE(*crtend.o *crtend?.o) .ctors)
 *(SORT(.ctors.*))
 *(.ctors)
 *crtbegin.o(.dtors)
 *crtbegin?.o(.dtors)
 *(EXCLUDE_FILE(*crtend.o *crtend?.o) .dtors)
 *(SORT(.dtors.*))
 *(.dtors)
 *(.rodata*)
 *(.eh_fram e*)

.glue_7         0x08000b88        0x0
 .glue_7        0x00000000        0x0 linker stubs

.glue_7t        0x08000b88        0x0
 .glue_7t       0x00000000        0x0 linker stubs

.vfp11_veneer   0x08000b88        0x0
 .vfp11_veneer  0x00000000        0x0 linker stubs

.v4_bx          0x08000b88        0x0
 .v4_bx         0x00000000        0x0 linker stubs

.iplt           0x08000b88        0x0
 .iplt          0x00000000        0x0 ..\obj\system_stm32f10x.o

.rel.dyn        0x08000b88        0x0
 .rel.iplt      0x00000000        0x0 ..\obj\system_stm32f10x.o

.ARM.extab
 *(.ARM.extab* .gnu.linkonce.armextab.*)
                0x08000b88                __exidx_start = .

.ARM.exidx
 *(.ARM.exidx* .gnu.linkonce.armexidx.*)
                0x08000b88                __exidx_end = .
                0x08000b88                __etext = .
                0x08000b88                _sidata = __etext

.data           0x20000000        0x0 load address 0x08000b88
                0x20000000                __data_start__ = .
                0x20000000                _sdata = __data_start__
 *(vtable)
 *(.data*)
                0x20000000                . = ALIGN (0x4)
                0x20000000                PROVIDE (__preinit_array_start, .)
 *(.preinit_array)
                0x20000000                PROVIDE (__preinit_array_end, .)
                0x20000000                . = ALIGN (0x4)
                0x20000000                PROVIDE (__init_array_start, .)
 *(SORT(.init_array.*))
 *(.init_array)
                0x20000000                PROVIDE (__init_array_end, .)
                0x20000000                . = ALIGN (0x4)
                0x20000000                PROVIDE (__fini_array_start, .)
 *(SORT(.fini_array.*))
 *(.fini_array)
                0x20000000                PROVIDE (__fini_array_end, .)
 *(.jcr*)
                0x20000000                . = ALIGN (0x4)
                0x20000000                __data_end__ = .
                0x20000000                _edata = __data_end__

.igot.plt       0x20000000        0x0
 .igot.plt      0x00000000        0x0 ..\obj\system_stm32f10x.o

.bss            0x20000000       0x14
                0x20000000                . = ALIGN (0x4)
                0x20000000                __bss_start__ = .
                0x20000000                _sbss = __bss_start__
 *(.bss*)
 .bss           0x20000000       0x14 ..\obj\exti.o
 *(COMMON)
                0x20000014                . = ALIGN (0x4)
                0x20000014                __bss_end__ = .
                0x20000014                _ebss = __bss_end__

.heap           0x20000014        0x0
                0x20000014                __end__ = .
                0x20000014                _end = __end__
                0x20000014                end = __end__
 *(.heap*)
                0x20000014                __HeapLimit = .

.co_stack       0x20000014      0x404
                0x20000018                . = ALIGN (0x8)
 *fill*         0x20000014        0x4 
 *(.co_stack .co_stack.*)
 .co_stack      0x20000018      0x400 ..\obj\startup_stm32f10x_hd.o
                0x20000018                pulStack
                0x20010000                __StackTop = (ORIGIN (ram) + 0x10000)
                0x2000fbfc                __StackLimit = (__StackTop - SIZEOF (.co_stack))
                0x20010000                PROVIDE (__stack, __StackTop)
                0x00000001                ASSERT ((__StackLimit >= __HeapLimit), region ram  overflowed with stack)
LOAD ..\obj\system_stm32f10x.o
LOAD ..\obj\startup_stm32f10x_hd.o
LOAD ..\obj\stm32f10x_gpio.o
LOAD ..\obj\main.o
LOAD ..\obj\stm32f10x_rcc.o
LOAD ..\obj\stm32f10x_exti.o
LOAD ..\obj\leds.o
LOAD ..\obj\exti.o
LOAD ..\obj\misc.o
START GROUP
LOAD c:/program files (x86)/gnu tools arm embedded/4.8 2014q2/bin/../lib/gcc/arm-none-eabi/4.8.4/armv7-m\libgcc.a
LOAD c:/program files (x86)/gnu tools arm embedded/4.8 2014q2/bin/../lib/gcc/arm-none-eabi/4.8.4/../../../../arm-none-eabi/lib/armv7-m\libg.a
LOAD c:/program files (x86)/gnu tools arm embedded/4.8 2014q2/bin/../lib/gcc/arm-none-eabi/4.8.4/../../../../arm-none-eabi/lib/armv7-m\libc.a
END GROUP
OUTPUT(boutons.elf elf32-littlearm)

.debug_info     0x00000000     0x2619
 .debug_info    0x00000000      0x479 ..\obj\system_stm32f10x.o
 .debug_info    0x00000479       0xe9 ..\obj\startup_stm32f10x_hd.o
 .debug_info    0x00000562      0x6e7 ..\obj\stm32f10x_gpio.o
 .debug_info    0x00000c49       0xab ..\obj\main.o
 .debug_info    0x00000cf4      0x88d ..\obj\stm32f10x_rcc.o
 .debug_info    0x00001581      0x341 ..\obj\stm32f10x_exti.o
 .debug_info    0x000018c2      0x27f ..\obj\leds.o
 .debug_info    0x00001b41      0x59b ..\obj\exti.o
 .debug_info    0x000020dc      0x53d ..\obj\misc.o

.debug_abbrev   0x00000000      0xa89
 .debug_abbrev  0x00000000      0x14c ..\obj\system_stm32f10x.o
 .debug_abbrev  0x0000014c       0xa7 ..\obj\startup_stm32f10x_hd.o
 .debug_abbrev  0x000001f3      0x1c8 ..\obj\stm32f10x_gpio.o
 .debug_abbrev  0x000003bb       0x67 ..\obj\main.o
 .debug_abbrev  0x00000422      0x1ba ..\obj\stm32f10x_rcc.o
 .debug_abbrev  0x000005dc      0x151 ..\obj\stm32f10x_exti.o
 .debug_abbrev  0x0000072d      0x114 ..\obj\leds.o
 .debug_abbrev  0x00000841      0x103 ..\obj\exti.o
 .debug_abbrev  0x00000944      0x145 ..\obj\misc.o

.debug_aranges  0x00000000      0x360
 .debug_aranges
                0x00000000       0x38 ..\obj\system_stm32f10x.o
 .debug_aranges
                0x00000038       0x28 ..\obj\startup_stm32f10x_hd.o
 .debug_aranges
                0x00000060       0xa8 ..\obj\stm32f10x_gpio.o
 .debug_aranges
                0x00000108       0x20 ..\obj\main.o
 .debug_aranges
                0x00000128      0x118 ..\obj\stm32f10x_rcc.o
 .debug_aranges
                0x00000240       0x58 ..\obj\stm32f10x_exti.o
 .debug_aranges
                0x00000298       0x30 ..\obj\leds.o
 .debug_aranges
                0x000002c8       0x58 ..\obj\exti.o
 .debug_aranges
                0x00000320       0x40 ..\obj\misc.o

.debug_ranges   0x00000000      0x2d0
 .debug_ranges  0x00000000       0x28 ..\obj\system_stm32f10x.o
 .debug_ranges  0x00000028       0x18 ..\obj\startup_stm32f10x_hd.o
 .debug_ranges  0x00000040       0x98 ..\obj\stm32f10x_gpio.o
 .debug_ranges  0x000000d8       0x10 ..\obj\main.o
 .debug_ranges  0x000000e8      0x108 ..\obj\stm32f10x_rcc.o
 .debug_ranges  0x000001f0       0x48 ..\obj\stm32f10x_exti.o
 .debug_ranges  0x00000238       0x20 ..\obj\leds.o
 .debug_ranges  0x00000258       0x48 ..\obj\exti.o
 .debug_ranges  0x000002a0       0x30 ..\obj\misc.o

.debug_line     0x00000000     0x15a1
 .debug_line    0x00000000      0x206 ..\obj\system_stm32f10x.o
 .debug_line    0x00000206       0x9d ..\obj\startup_stm32f10x_hd.o
 .debug_line    0x000002a3      0x393 ..\obj\stm32f10x_gpio.o
 .debug_line    0x00000636      0x15a ..\obj\main.o
 .debug_line    0x00000790      0x4a1 ..\obj\stm32f10x_rcc.o
 .debug_line    0x00000c31      0x289 ..\obj\stm32f10x_exti.o
 .debug_line    0x00000eba      0x1fe ..\obj\leds.o
 .debug_line    0x000010b8      0x2c0 ..\obj\exti.o
 .debug_line    0x00001378      0x229 ..\obj\misc.o

.debug_str      0x00000000     0x137c
 .debug_str     0x00000000      0x283 ..\obj\system_stm32f10x.o
                                0x2f2 (size before relaxing)
 .debug_str     0x00000283       0xab ..\obj\startup_stm32f10x_hd.o
                                0x142 (size before relaxing)
 .debug_str     0x0000032e      0x3b0 ..\obj\stm32f10x_gpio.o
                                0x51c (size before relaxing)
 .debug_str     0x000006de       0x2c ..\obj\main.o
                                0x154 (size before relaxing)
 .debug_str     0x0000070a      0x3e3 ..\obj\stm32f10x_rcc.o
                                0x61d (size before relaxing)
 .debug_str     0x00000aed      0x1cd ..\obj\stm32f10x_exti.o
                                0x34c (size before relaxing)
 .debug_str     0x00000cba       0x55 ..\obj\leds.o
                                0x2d1 (size before relaxing)
 .debug_str     0x00000d0f      0x4f1 ..\obj\exti.o
                                0x87a (size before relaxing)
 .debug_str     0x00001200      0x17c ..\obj\misc.o
                                0x3c1 (size before relaxing)

.comment        0x00000000       0x70
 .comment       0x00000000       0x70 ..\obj\system_stm32f10x.o
                                 0x71 (size before relaxing)
 .comment       0x00000000       0x71 ..\obj\startup_stm32f10x_hd.o
 .comment       0x00000000       0x71 ..\obj\stm32f10x_gpio.o
 .comment       0x00000000       0x71 ..\obj\main.o
 .comment       0x00000000       0x71 ..\obj\stm32f10x_rcc.o
 .comment       0x00000000       0x71 ..\obj\stm32f10x_exti.o
 .comment       0x00000000       0x71 ..\obj\leds.o
 .comment       0x00000000       0x71 ..\obj\exti.o
 .comment       0x00000000       0x71 ..\obj\misc.o

.ARM.attributes
                0x00000000       0x33
 .ARM.attributes
                0x00000000       0x33 ..\obj\system_stm32f10x.o
 .ARM.attributes
                0x00000033       0x33 ..\obj\startup_stm32f10x_hd.o
 .ARM.attributes
                0x00000066       0x33 ..\obj\stm32f10x_gpio.o
 .ARM.attributes
                0x00000099       0x33 ..\obj\main.o
 .ARM.attributes
                0x000000cc       0x33 ..\obj\stm32f10x_rcc.o
 .ARM.attributes
                0x000000ff       0x33 ..\obj\stm32f10x_exti.o
 .ARM.attributes
                0x00000132       0x33 ..\obj\leds.o
 .ARM.attributes
                0x00000165       0x33 ..\obj\exti.o
 .ARM.attributes
                0x00000198       0x33 ..\obj\misc.o

.debug_frame    0x00000000      0x974
 .debug_frame   0x00000000       0x80 ..\obj\system_stm32f10x.o
 .debug_frame   0x00000080       0x48 ..\obj\startup_stm32f10x_hd.o
 .debug_frame   0x000000c8      0x210 ..\obj\stm32f10x_gpio.o
 .debug_frame   0x000002d8       0x2c ..\obj\main.o
 .debug_frame   0x00000304      0x388 ..\obj\stm32f10x_rcc.o
 .debug_frame   0x0000068c       0xec ..\obj\stm32f10x_exti.o
 .debug_frame   0x00000778       0x70 ..\obj\leds.o
 .debug_frame   0x000007e8       0xf0 ..\obj\exti.o
 .debug_frame   0x000008d8       0x9c ..\obj\misc.o
